Component: Arm Compiler for Embedded 6.18 Tool: armlink [5e4cc100]

==============================================================================

Section Cross References

    isr.o(.text.TIM1_UP_IRQHandler) refers to hal_tim.o(.text.TIM_GetInterruptStatus) for TIM_GetInterruptStatus
    isr.o(.text.TIM1_UP_IRQHandler) refers to hal_tim.o(.text.TIM_ClearInterruptStatus) for TIM_ClearInterruptStatus
    isr.o(.ARM.exidx.text.TIM1_UP_IRQHandler) refers to isr.o(.text.TIM1_UP_IRQHandler) for [Anonymous Symbol]
    isr.o(.text.TIM2_IRQHandler) refers to hal_tim.o(.text.TIM_GetInterruptStatus) for TIM_GetInterruptStatus
    isr.o(.text.TIM2_IRQHandler) refers to hal_tim.o(.text.TIM_ClearInterruptStatus) for TIM_ClearInterruptStatus
    isr.o(.ARM.exidx.text.TIM2_IRQHandler) refers to isr.o(.text.TIM2_IRQHandler) for [Anonymous Symbol]
    isr.o(.text.TIM3_IRQHandler) refers to hal_tim.o(.text.TIM_GetInterruptStatus) for TIM_GetInterruptStatus
    isr.o(.text.TIM3_IRQHandler) refers to hal_tim.o(.text.TIM_ClearInterruptStatus) for TIM_ClearInterruptStatus
    isr.o(.ARM.exidx.text.TIM3_IRQHandler) refers to isr.o(.text.TIM3_IRQHandler) for [Anonymous Symbol]
    isr.o(.text.TIM4_IRQHandler) refers to hal_tim.o(.text.TIM_GetInterruptStatus) for TIM_GetInterruptStatus
    isr.o(.text.TIM4_IRQHandler) refers to hal_tim.o(.text.TIM_ClearInterruptStatus) for TIM_ClearInterruptStatus
    isr.o(.ARM.exidx.text.TIM4_IRQHandler) refers to isr.o(.text.TIM4_IRQHandler) for [Anonymous Symbol]
    isr.o(.text.TIM5_IRQHandler) refers to hal_tim.o(.text.TIM_GetInterruptStatus) for TIM_GetInterruptStatus
    isr.o(.text.TIM5_IRQHandler) refers to hal_tim.o(.text.TIM_ClearInterruptStatus) for TIM_ClearInterruptStatus
    isr.o(.ARM.exidx.text.TIM5_IRQHandler) refers to isr.o(.text.TIM5_IRQHandler) for [Anonymous Symbol]
    isr.o(.text.TIM6_IRQHandler) refers to hal_tim.o(.text.TIM_GetInterruptStatus) for TIM_GetInterruptStatus
    isr.o(.text.TIM6_IRQHandler) refers to hal_tim.o(.text.TIM_ClearInterruptStatus) for TIM_ClearInterruptStatus
    isr.o(.ARM.exidx.text.TIM6_IRQHandler) refers to isr.o(.text.TIM6_IRQHandler) for [Anonymous Symbol]
    isr.o(.text.TIM7_IRQHandler) refers to hal_tim.o(.text.TIM_GetInterruptStatus) for TIM_GetInterruptStatus
    isr.o(.text.TIM7_IRQHandler) refers to hal_tim.o(.text.TIM_ClearInterruptStatus) for TIM_ClearInterruptStatus
    isr.o(.ARM.exidx.text.TIM7_IRQHandler) refers to isr.o(.text.TIM7_IRQHandler) for [Anonymous Symbol]
    isr.o(.text.TIM8_UP_IRQHandler) refers to hal_tim.o(.text.TIM_GetInterruptStatus) for TIM_GetInterruptStatus
    isr.o(.text.TIM8_UP_IRQHandler) refers to hal_tim.o(.text.TIM_ClearInterruptStatus) for TIM_ClearInterruptStatus
    isr.o(.ARM.exidx.text.TIM8_UP_IRQHandler) refers to isr.o(.text.TIM8_UP_IRQHandler) for [Anonymous Symbol]
    isr.o(.text.UART1_IRQHandler) refers to hal_uart.o(.text.UART_GetInterruptStatus) for UART_GetInterruptStatus
    isr.o(.text.UART1_IRQHandler) refers to hal_uart.o(.text.UART_ClearInterruptStatus) for UART_ClearInterruptStatus
    isr.o(.ARM.exidx.text.UART1_IRQHandler) refers to isr.o(.text.UART1_IRQHandler) for [Anonymous Symbol]
    isr.o(.text.UART2_IRQHandler) refers to hal_uart.o(.text.UART_GetInterruptStatus) for UART_GetInterruptStatus
    isr.o(.text.UART2_IRQHandler) refers to hal_uart.o(.text.UART_ClearInterruptStatus) for UART_ClearInterruptStatus
    isr.o(.ARM.exidx.text.UART2_IRQHandler) refers to isr.o(.text.UART2_IRQHandler) for [Anonymous Symbol]
    isr.o(.text.UART3_IRQHandler) refers to hal_uart.o(.text.UART_GetInterruptStatus) for UART_GetInterruptStatus
    isr.o(.text.UART3_IRQHandler) refers to hal_uart.o(.text.UART_ClearInterruptStatus) for UART_ClearInterruptStatus
    isr.o(.ARM.exidx.text.UART3_IRQHandler) refers to isr.o(.text.UART3_IRQHandler) for [Anonymous Symbol]
    isr.o(.text.UART4_IRQHandler) refers to hal_uart.o(.text.UART_GetInterruptStatus) for UART_GetInterruptStatus
    isr.o(.text.UART4_IRQHandler) refers to hal_uart.o(.text.UART_ClearInterruptStatus) for UART_ClearInterruptStatus
    isr.o(.text.UART4_IRQHandler) refers to zf_device_gps_tau1201.o(.text.gps_uart_callback) for gps_uart_callback
    isr.o(.ARM.exidx.text.UART4_IRQHandler) refers to isr.o(.text.UART4_IRQHandler) for [Anonymous Symbol]
    isr.o(.text.UART5_IRQHandler) refers to hal_uart.o(.text.UART_GetInterruptStatus) for UART_GetInterruptStatus
    isr.o(.text.UART5_IRQHandler) refers to hal_uart.o(.text.UART_ClearInterruptStatus) for UART_ClearInterruptStatus
    isr.o(.text.UART5_IRQHandler) refers to zf_device_type.o(.data.camera_uart_handler) for camera_uart_handler
    isr.o(.ARM.exidx.text.UART5_IRQHandler) refers to isr.o(.text.UART5_IRQHandler) for [Anonymous Symbol]
    isr.o(.text.UART6_IRQHandler) refers to hal_uart.o(.text.UART_GetInterruptStatus) for UART_GetInterruptStatus
    isr.o(.text.UART6_IRQHandler) refers to hal_uart.o(.text.UART_ClearInterruptStatus) for UART_ClearInterruptStatus
[...]
    [Anonymous Symbol]                       0x080047b4   Section        0  zf_common_interrupt.o(.text.interrupt_set_priority)
    [Anonymous Symbol]                       0x080047d0   Section        0  zf_device_ips200.o(.text.ips200_clear)
    ips200_debug_init                        0x080048a5   Thumb Code   138  zf_device_ips200.o(.text.ips200_debug_init)
    [Anonymous Symbol]                       0x080048a4   Section        0  zf_device_ips200.o(.text.ips200_debug_init)
    [Anonymous Symbol]                       0x08004930   Section        0  zf_device_ips200.o(.text.ips200_init)
    [Anonymous Symbol]                       0x08004d70   Section        0  zf_device_ips200.o(.text.ips200_set_color)
    [Anonymous Symbol]                       0x08004d9c   Section        0  zf_device_ips200.o(.text.ips200_set_dir)
    ips200_set_region                        0x08004df9   Thumb Code   196  zf_device_ips200.o(.text.ips200_set_region)
    [Anonymous Symbol]                       0x08004df8   Section        0  zf_device_ips200.o(.text.ips200_set_region)
    [Anonymous Symbol]                       0x08004ebc   Section        0  zf_device_ips200.o(.text.ips200_show_char)
    [Anonymous Symbol]                       0x08005160   Section        0  zf_device_ips200.o(.text.ips200_show_string)
    ips200_write_16bit_data                  0x08005249   Thumb Code   138  zf_device_ips200.o(.text.ips200_write_16bit_data)
    [Anonymous Symbol]                       0x08005248   Section        0  zf_device_ips200.o(.text.ips200_write_16bit_data)
    ips200_write_8bit_data                   0x080052d5   Thumb Code   112  zf_device_ips200.o(.text.ips200_write_8bit_data)
    [Anonymous Symbol]                       0x080052d4   Section        0  zf_device_ips200.o(.text.ips200_write_8bit_data)
    ips200_write_command                     0x08005345   Thumb Code   164  zf_device_ips200.o(.text.ips200_write_command)
    [Anonymous Symbol]                       0x08005344   Section        0  zf_device_ips200.o(.text.ips200_write_command)
    [Anonymous Symbol]                       0x080053e8   Section        0  main.o(.text.main)
    mt9v03x_dma_handler                      0x08005485   Thumb Code    22  zf_device_mt9v03x.o(.text.mt9v03x_dma_handler)
    [Anonymous Symbol]                       0x08005484   Section        0  zf_device_mt9v03x.o(.text.mt9v03x_dma_handler)
    mt9v03x_get_config                       0x0800549d   Thumb Code   286  zf_device_mt9v03x.o(.text.mt9v03x_get_config)
    [Anonymous Symbol]                       0x0800549c   Section        0  zf_device_mt9v03x.o(.text.mt9v03x_get_config)
    [Anonymous Symbol]                       0x080055bc   Section        0  zf_device_mt9v03x.o(.text.mt9v03x_get_version)
    [Anonymous Symbol]                       0x08005658   Section        0  zf_device_mt9v03x.o(.text.mt9v03x_init)
    mt9v03x_read_word_sccb                   0x080057e1   Thumb Code    60  zf_device_config.o(.text.mt9v03x_read_word_sccb)
    [Anonymous Symbol]                       0x080057e0   Section        0  zf_device_config.o(.text.mt9v03x_read_word_sccb)
    mt9v03x_set_config                       0x0800581d   Thumb Code   244  zf_device_mt9v03x.o(.text.mt9v03x_set_config)
    [Anonymous Symbol]                       0x0800581c   Section        0  zf_device_mt9v03x.o(.text.mt9v03x_set_config)
    [Anonymous Symbol]                       0x08005910   Section        0  zf_device_config.o(.text.mt9v03x_set_config_sccb)
    mt9v03x_uart_handler                     0x0800629d   Thumb Code    64  zf_device_mt9v03x.o(.text.mt9v03x_uart_handler)
    [Anonymous Symbol]                       0x0800629c   Section        0  zf_device_mt9v03x.o(.text.mt9v03x_uart_handler)
    mt9v03x_vsync_handler                    0x080062dd   Thumb Code    54  zf_device_mt9v03x.o(.text.mt9v03x_vsync_handler)
    [Anonymous Symbol]                       0x080062dc   Section        0  zf_device_mt9v03x.o(.text.mt9v03x_vsync_handler)
    mt9v03x_write_word_sccb                  0x08006315   Thumb Code    50  zf_device_config.o(.text.mt9v03x_write_word_sccb)
    [Anonymous Symbol]                       0x08006314   Section        0  zf_device_config.o(.text.mt9v03x_write_word_sccb)
    [Anonymous Symbol]                       0x08006348   Section        0  debug.o(.text.sent_data)
    [Anonymous Symbol]                       0x080064a0   Section        0  zf_device_type.o(.text.set_camera_type)
    [Anonymous Symbol]                       0x0800652c   Section        0  zf_device_type.o(.text.set_wireless_type)
    [Anonymous Symbol]                       0x0800656c   Section        0  zf_driver_soft_iic.o(.text.soft_iic_init)
    soft_iic_read_data                       0x080065e9   Thumb Code   334  zf_driver_soft_iic.o(.text.soft_iic_read_data)
    [Anonymous Symbol]                       0x080065e8   Section        0  zf_driver_soft_iic.o(.text.soft_iic_read_data)
    [Anonymous Symbol]                       0x08006738   Section        0  zf_driver_soft_iic.o(.text.soft_iic_sccb_read_register)
    [Anonymous Symbol]                       0x08006798   Section        0  zf_driver_soft_iic.o(.text.soft_iic_sccb_write_register)
    soft_iic_send_ack                        0x080067d9   Thumb Code   258  zf_driver_soft_iic.o(.text.soft_iic_send_ack)
    [Anonymous Symbol]                       0x080067d8   Section        0  zf_driver_soft_iic.o(.text.soft_iic_send_ack)
    soft_iic_send_data                       0x080068dd   Thumb Code   250  zf_driver_soft_iic.o(.text.soft_iic_send_data)
    [Anonymous Symbol]                       0x080068dc   Section        0  zf_driver_soft_iic.o(.text.soft_iic_send_data)
    soft_iic_start                           0x080069d9   Thumb Code   174  zf_driver_soft_iic.o(.text.soft_iic_start)
    [Anonymous Symbol]                       0x080069d8   Section        0  zf_driver_soft_iic.o(.text.soft_iic_start)
    soft_iic_stop                            0x08006a89   Thumb Code   194  zf_driver_soft_iic.o(.text.soft_iic_stop)
    [Anonymous Symbol]                       0x08006a88   Section        0  zf_driver_soft_iic.o(.text.soft_iic_stop)
    soft_iic_wait_ack                        0x08006b4d   Thumb Code   226  zf_driver_soft_iic.o(.text.soft_iic_wait_ack)
    [Anonymous Symbol]                       0x08006b4c   Section        0  zf_driver_soft_iic.o(.text.soft_iic_wait_ack)
    [Anonymous Symbol]                       0x08006c30   Section        0  zf_driver_spi.o(.text.spi_init)
    [Anonymous Symbol]                       0x08006ed8   Section        0  zf_driver_spi.o(.text.spi_write_16bit)
    [Anonymous Symbol]                       0x08006f90   Section        0  zf_driver_spi.o(.text.spi_write_8bit)
    [Anonymous Symbol]                       0x08007018   Section        0  zf_driver_delay.o(.text.system_delay_ms)
    [Anonymous Symbol]                       0x080070e8   Section        0  zf_driver_timer.o(.text.timer_clear)
    [Anonymous Symbol]                       0x0800718c   Section        0  zf_driver_timer.o(.text.timer_clock_enable)
    [Anonymous Symbol]                       0x08007204   Section        0  zf_driver_timer.o(.text.timer_etr_init)
    [Anonymous Symbol]                       0x080073e4   Section        0  zf_driver_timer.o(.text.timer_funciton_check)
    [Anonymous Symbol]                       0x0800744c   Section        0  zf_driver_timer.o(.text.timer_start)
    [Anonymous Symbol]                       0x080074e0   Section        0  zf_driver_timer.o(.text.timer_stop)
    type_default_callback                    0x08007585   Thumb Code     2  zf_device_type.o(.text.type_default_callback)
    [Anonymous Symbol]                       0x08007584   Section        0  zf_device_type.o(.text.type_default_callback)
    [Anonymous Symbol]                       0x08007588   Section        0  zf_driver_uart.o(.text.uart_init)
    [Anonymous Symbol]                       0x0800767c   Section        0  zf_driver_uart.o(.text.uart_query_byte)
    [Anonymous Symbol]                       0x080076d4   Section        0  zf_driver_uart.o(.text.uart_rx_interrupt)
    [Anonymous Symbol]                       0x08007764   Section        0  zf_driver_uart.o(.text.uart_write_buffer)
    [Anonymous Symbol]                       0x080077c0   Section        0  zf_driver_uart.o(.text.uart_write_byte)
    [Anonymous Symbol]                       0x08007808   Section        0  zf_driver_uart.o(.text.uart_write_string)
    [Anonymous Symbol]                       0x08007834   Section        0  zf_device_wireless_uart.o(.text.wireless_uart_callback)
    [Anonymous Symbol]                       0x0800785c   Section        0  zf_device_wireless_uart.o(.text.wireless_uart_init)
    [Anonymous Symbol]                       0x080078c0   Section        0  zf_device_wireless_uart.o(.text.wireless_uart_send_byte)
    i.__0sprintf                             0x08007910   Section        0  printfa.o(i.__0sprintf)
    i.__scatterload_copy                     0x08007938   Section       14  handlers.o(i.__scatterload_copy)
    i.__scatterload_null                     0x08007946   Section        2  handlers.o(i.__scatterload_null)
    i.__scatterload_zeroinit                 0x08007948   Section       14  handlers.o(i.__scatterload_zeroinit)
    _fp_digits                               0x08007959   Thumb Code   366  printfa.o(i._fp_digits)
    i._fp_digits                             0x08007958   Section        0  printfa.o(i._fp_digits)
    _printf_core                             0x08007add   Thumb Code  1744  printfa.o(i._printf_core)
    i._printf_core                           0x08007adc   Section        0  printfa.o(i._printf_core)
    _printf_post_padding                     0x080081b9   Thumb Code    36  printfa.o(i._printf_post_padding)
    i._printf_post_padding                   0x080081b8   Section        0  printfa.o(i._printf_post_padding)
    _printf_pre_padding                      0x080081dd   Thumb Code    46  printfa.o(i._printf_pre_padding)
    i._printf_pre_padding                    0x080081dc   Section        0  printfa.o(i._printf_pre_padding)
    _sputc                                   0x0800820b   Thumb Code    10  printfa.o(i._sputc)
    i._sputc                                 0x0800820a   Section        0  printfa.o(i._sputc)
    .L__const.debug_protective_handler.pin_list 0x08008214   Data         316  zf_common_debug.o(.rodata..L__const.debug_protective_handler.pin_list)
    .L.str.2                                 0x08008b68   Data          14  main.o(.rodata.str1.1)
    [Anonymous Symbol]                       0x08008b68   Section        0  main.o(.rodata.str1.1)
    .L.str                                   0x08008b76   Data          14  main.o(.rodata.str1.1)
    .L.str.1                                 0x08008b84   Data          16  main.o(.rodata.str1.1)
    .L.str.6                                 0x08008b94   Data          21  zf_common_debug.o(.rodata.str1.1)
    [Anonymous Symbol]                       0x08008b94   Section        0  zf_common_debug.o(.rodata.str1.1)
    .L.str.5                                 0x08008ba9   Data          25  zf_common_debug.o(.rodata.str1.1)
    .L.str.4                                 0x08008bc2   Data           9  zf_common_debug.o(.rodata.str1.1)
    .L.str.1                                 0x08008bcb   Data          12  zf_common_debug.o(.rodata.str1.1)
    .L.str                                   0x08008bd7   Data          13  zf_common_debug.o(.rodata.str1.1)
    .L.str.2                                 0x08008be4   Data           9  zf_common_debug.o(.rodata.str1.1)
    .L.str.3                                 0x08008bed   Data          13  zf_common_debug.o(.rodata.str1.1)
    .L.str                                   0x08008bfa   Data          44  zf_driver_delay.o(.rodata.str1.1)
    [Anonymous Symbol]                       0x08008bfa   Section        0  zf_driver_delay.o(.rodata.str1.1)
    .L.str                                   0x08008c26   Data          43  zf_driver_gpio.o(.rodata.str1.1)
    [Anonymous Symbol]                       0x08008c26   Section        0  zf_driver_gpio.o(.rodata.str1.1)
    .L.str                                   0x08008c51   Data          47  zf_driver_soft_iic.o(.rodata.str1.1)
    [Anonymous Symbol]                       0x08008c51   Section        0  zf_driver_soft_iic.o(.rodata.str1.1)
    .L.str                                   0x08008c80   Data          42  zf_driver_spi.o(.rodata.str1.1)
    [Anonymous Symbol]                       0x08008c80   Section        0  zf_driver_spi.o(.rodata.str1.1)
    .L.str                                   0x08008caa   Data          44  zf_driver_timer.o(.rodata.str1.1)
    [Anonymous Symbol]                       0x08008caa   Section        0  zf_driver_timer.o(.rodata.str1.1)
    .L.str.1                                 0x08008cd6   Data           4  zf_device_gps_tau1201.o(.rodata.str1.1)
    [Anonymous Symbol]                       0x08008cd6   Section        0  zf_device_gps_tau1201.o(.rodata.str1.1)
    .L.str                                   0x08008cda   Data           4  zf_device_gps_tau1201.o(.rodata.str1.1)
    .L.str                                   0x08008cde   Data          45  zf_device_ips200.o(.rodata.str1.1)
    [Anonymous Symbol]                       0x08008cde   Section        0  zf_device_ips200.o(.rodata.str1.1)
    .L.str.2                                 0x08008d0b   Data          26  zf_device_mt9v03x.o(.rodata.str1.1)
    [Anonymous Symbol]                       0x08008d0b   Section        0  zf_device_mt9v03x.o(.rodata.str1.1)
    .L.str                                   0x08008d25   Data          26  zf_device_mt9v03x.o(.rodata.str1.1)
    .L.str.1                                 0x08008d3f   Data          46  zf_device_mt9v03x.o(.rodata.str1.1)
    ips200_bgcolor                           0x30000034   Data           2  zf_device_ips200.o(.data.ips200_bgcolor)
    [Anonymous Symbol]                       0x30000034   Section        0  zf_device_ips200.o(.data.ips200_bgcolor)
    ips200_display_font                      0x30000036   Data           1  zf_device_ips200.o(.data.ips200_display_font)
    [Anonymous Symbol]                       0x30000036   Section        0  zf_device_ips200.o(.data.ips200_display_font)
    ips200_pencolor                          0x30000038   Data           2  zf_device_ips200.o(.data.ips200_pencolor)
    [Anonymous Symbol]                       0x30000038   Section        0  zf_device_ips200.o(.data.ips200_pencolor)
    ips200_x_max                             0x3000003a   Data           2  zf_device_ips200.o(.data.ips200_x_max)
    [Anonymous Symbol]                       0x3000003a   Section        0  zf_device_ips200.o(.data.ips200_x_max)
    ips200_y_max                             0x3000003c   Data           2  zf_device_ips200.o(.data.ips200_y_max)
    [Anonymous Symbol]                       0x3000003c   Section        0  zf_device_ips200.o(.data.ips200_y_max)
    ips_bl_pin                               0x3000003e   Data           2  zf_device_ips200.o(.data.ips_bl_pin)
    [Anonymous Symbol]                       0x3000003e   Section        0  zf_device_ips200.o(.data.ips_bl_pin)
    ips_rst_pin                              0x30000040   Data           2  zf_device_ips200.o(.data.ips_rst_pin)
    [Anonymous Symbol]                       0x30000040   Section        0  zf_device_ips200.o(.data.ips_rst_pin)
    mt9v03x_get_confing_buffer               0x30000042   Data          36  zf_device_mt9v03x.o(.data.mt9v03x_get_confing_buffer)
    [Anonymous Symbol]                       0x30000042   Section        0  zf_device_mt9v03x.o(.data.mt9v03x_get_confing_buffer)
    mt9v03x_set_confing_buffer               0x30000066   Data          40  zf_device_mt9v03x.o(.data.mt9v03x_set_confing_buffer)
    [Anonymous Symbol]                       0x30000066   Section        0  zf_device_mt9v03x.o(.data.mt9v03x_set_confing_buffer)
    mt9v03x_type                             0x3000008e   Data           1  zf_device_mt9v03x.o(.data.mt9v03x_type)
    [Anonymous Symbol]                       0x3000008e   Section        0  zf_device_mt9v03x.o(.data.mt9v03x_type)
    spi_index                                0x30000090   Data          12  zf_driver_spi.o(.data.spi_index)
    [Anonymous Symbol]                       0x30000090   Section        0  zf_driver_spi.o(.data.spi_index)
    uart_index                               0x300000a0   Data          28  zf_driver_uart.o(.data.uart_index)
    [Anonymous Symbol]                       0x300000a0   Section        0  zf_driver_uart.o(.data.uart_index)
    uart_irq                                 0x300000bc   Data           7  zf_driver_uart.o(.data.uart_irq)
    [Anonymous Symbol]                       0x300000bc   Section        0  zf_driver_uart.o(.data.uart_irq)
    zf_debug_assert_enable                   0x300000c8   Data           1  zf_common_debug.o(.data.zf_debug_assert_enable)
    [Anonymous Symbol]                       0x300000c8   Section        0  zf_common_debug.o(.data.zf_debug_assert_enable)
    debug_assert_handler.assert_nest_index   0x3000010d   Data           1  zf_common_debug.o(.bss.debug_assert_handler.assert_nest_index)
    [Anonymous Symbol]                       0x3000010d   Section        0  zf_common_debug.o(.bss.debug_assert_handler.assert_nest_index)
    debug_output_info                        0x30000110   Data          20  zf_common_debug.o(.bss.debug_output_info)
    [Anonymous Symbol]                       0x30000110   Section        0  zf_common_debug.o(.bss.debug_output_info)
    gps_gga_buffer                           0x30000124   Data         128  zf_device_gps_tau1201.o(.bss.gps_gga_buffer)
    [Anonymous Symbol]                       0x30000124   Section        0  zf_device_gps_tau1201.o(.bss.gps_gga_buffer)
    gps_rmc_buffer                           0x300001a5   Data         128  zf_device_gps_tau1201.o(.bss.gps_rmc_buffer)
    [Anonymous Symbol]                       0x300001a5   Section        0  zf_device_gps_tau1201.o(.bss.gps_rmc_buffer)
    gps_tau1201_receiver_fifo                0x30000228   Data          24  zf_device_gps_tau1201.o(.bss.gps_tau1201_receiver_fifo)
    [Anonymous Symbol]                       0x30000228   Section        0  zf_device_gps_tau1201.o(.bss.gps_tau1201_receiver_fifo)
    gps_tau1201_state                        0x30000240   Data           1  zf_device_gps_tau1201.o(.bss.gps_tau1201_state)
    [Anonymous Symbol]                       0x30000240   Section        0  zf_device_gps_tau1201.o(.bss.gps_tau1201_state)
    interrupt_nest_count                     0x3000025c   Data           4  zf_common_interrupt.o(.bss.interrupt_nest_count)
    [Anonymous Symbol]                       0x3000025c   Section        0  zf_common_interrupt.o(.bss.interrupt_nest_count)
    ips200_display_dir                       0x30000260   Data           1  zf_device_ips200.o(.bss.ips200_display_dir)
    [Anonymous Symbol]                       0x30000260   Section        0  zf_device_ips200.o(.bss.ips200_display_dir)
    ips200_display_type                      0x30000261   Data           1  zf_device_ips200.o(.bss.ips200_display_type)
    [Anonymous Symbol]                       0x30000261   Section        0  zf_device_ips200.o(.bss.ips200_display_type)
    mt9v03x_iic_inf_struct                   0x30000264   Data          16  zf_device_config.o(.bss.mt9v03x_iic_inf_struct)
    [Anonymous Symbol]                       0x30000264   Section        0  zf_device_config.o(.bss.mt9v03x_iic_inf_struct)
    mt9v03x_version                          0x3000187c   Data           2  zf_device_mt9v03x.o(.bss.mt9v03x_version)
    [Anonymous Symbol]                       0x3000187c   Section        0  zf_device_mt9v03x.o(.bss.mt9v03x_version)
    uart_interrupt_state                     0x30001886   Data           8  zf_driver_uart.o(.bss.uart_interrupt_state)
    [Anonymous Symbol]                       0x30001886   Section        0  zf_driver_uart.o(.bss.uart_interrupt_state)
    wireless_uart_buffer                     0x30001895   Data          64  zf_device_wireless_uart.o(.bss.wireless_uart_buffer)
    [Anonymous Symbol]                       0x30001895   Section        0  zf_device_wireless_uart.o(.bss.wireless_uart_buffer)
    wireless_uart_data                       0x300018d5   Data           1  zf_device_wireless_uart.o(.bss.wireless_uart_data)
    [Anonymous Symbol]                       0x300018d5   Section        0  zf_device_wireless_uart.o(.bss.wireless_uart_data)
    wireless_uart_fifo                       0x300018d8   Data          24  zf_device_wireless_uart.o(.bss.wireless_uart_fifo)
    [Anonymous Symbol]                       0x300018d8   Section        0  zf_device_wireless_uart.o(.bss.wireless_uart_fifo)
    zf_debug_init_flag                       0x300018f0   Data           1  zf_common_debug.o(.bss.zf_debug_init_flag)
    [Anonymous Symbol]                       0x300018f0   Section        0  zf_common_debug.o(.bss.zf_debug_init_flag)

    Global Symbols

    Symbol Name                              Value     Ov Type        Size  Object(Section)

    BuildAttributes$$THM_ISAv4$E$P$D$K$B$S$7EM$8M$VFPi5$EXTD16$VFPS$VFMA$PE$A:L22UL41UL21$X:L11$S22US41US21$IEEE1$IW$USESV6$~STKCKD$USESV7$~SHL$OTIME$ROPI$IEEEX$EBA8$UX$MICROLIB$REQ8$EABIv2 0x00000000   Number         0  anon$$obj.o ABSOLUTE
    SHT$$ARM_EXIDX$$Base                      - Undefined Reference
    SHT$$ARM_EXIDX$$Limit                     - Undefined Reference
    __arm_find_exidx_section                  - Undefined Weak Reference
    __cpp_initialize__aeabi_                  - Undefined Weak Reference
    __cxa_finalize                            - Undefined Weak Reference
    __decompress                              - Undefined Weak Reference
    _clock_init                               - Undefined Weak Reference
    _microlib_exit                            - Undefined Weak Reference
    __Vectors_Size                           0x0000093c   Number         0  startup_mm32f5277e.o ABSOLUTE
    __Vectors                                0x08000000   Number      2364  startup_mm32f5277e.o(RESET)
    __Vectors_End                            0x0800093c   Number         0  startup_mm32f5277e.o(RESET)
    __main                                   0x0800093d   Thumb Code     0  entry.o(.ARM.Collect$$$$00000000)
    _main_stk                                0x0800093d   Thumb Code     0  entry4.o(.ARM.Collect$$$$00000003)
    _main_scatterload                        0x08000941   Thumb Code     0  entry5.o(.ARM.Collect$$$$00000004)
    __main_after_scatterload                 0x08000945   Thumb Code     0  entry5.o(.ARM.Collect$$$$00000004)
    _main_clock                              0x08000945   Thumb Code     0  entry7b.o(.ARM.Collect$$$$00000008)
    _main_cpp_init                           0x08000945   Thumb Code     0  entry8b.o(.ARM.Collect$$$$0000000A)
    _main_init                               0x08000945   Thumb Code     0  entry9a.o(.ARM.Collect$$$$0000000B)
    __rt_final_cpp                           0x0800094d   Thumb Code     0  entry10a.o(.ARM.Collect$$$$0000000D)
    __rt_final_exit                          0x0800094d   Thumb Code     0  entry11a.o(.ARM.Collect$$$$0000000F)
    Reset_Handler                            0x08000951   Thumb Code    24  startup_mm32f5277e.o(.text)
    HardFault_Handler                        0x08000969   Thumb Code     2  startup_mm32f5277e.o(.text)
    ADC1_2_IRQHandler                        0x0800096b   Thumb Code     2  startup_mm32f5277e.o(.text)
    BKP_TAMPER_IRQHandler                    0x0800096b   Thumb Code     2  startup_mm32f5277e.o(.text)
    BusFault_Handler                         0x0800096b   Thumb Code     2  startup_mm32f5277e.o(.text)
    COMP_IRQHandler                          0x0800096b   Thumb Code     2  startup_mm32f5277e.o(.text)
    DebugMon_Handler                         0x0800096b   Thumb Code     2  startup_mm32f5277e.o(.text)
    Default_Handler                          0x0800096b   Thumb Code     2  startup_mm32f5277e.o(.text)
    ENET_IRQHandler                          0x0800096b   Thumb Code     2  startup_mm32f5277e.o(.text)
    ENET_WKUP_IRQHandler                     0x0800096b   Thumb Code     2  startup_mm32f5277e.o(.text)
    FLASH_IRQHandler                         0x0800096b   Thumb Code     2  startup_mm32f5277e.o(.text)
    FlexCAN1_IRQHandler                      0x0800096b   Thumb Code     2  startup_mm32f5277e.o(.text)
    FlexCAN2_IRQHandler                      0x0800096b   Thumb Code     2  startup_mm32f5277e.o(.text)
    I2C1_IRQHandler                          0x0800096b   Thumb Code     2  startup_mm32f5277e.o(.text)
    I2C2_IRQHandler                          0x0800096b   Thumb Code     2  startup_mm32f5277e.o(.text)
    LPTIM_IRQHandler                         0x0800096b   Thumb Code     2  startup_mm32f5277e.o(.text)
    LPUART_IRQHandler                        0x0800096b   Thumb Code     2  startup_mm32f5277e.o(.text)
    MemManage_Handler                        0x0800096b   Thumb Code     2  startup_mm32f5277e.o(.text)
    NMI_Handler                              0x0800096b   Thumb Code     2  startup_mm32f5277e.o(.text)
    PVD_IRQHandler                           0x0800096b   Thumb Code     2  startup_mm32f5277e.o(.text)
    PendSV_Handler                           0x0800096b   Thumb Code     2  startup_mm32f5277e.o(.text)
    QSPI_IRQHandler                          0x0800096b   Thumb Code     2  startup_mm32f5277e.o(.text)
    RCC_CRS_IRQHandler                       0x0800096b   Thumb Code     2  startup_mm32f5277e.o(.text)
    RTC_ALR_IRQHandler                       0x0800096b   Thumb Code     2  startup_mm32f5277e.o(.text)
    RTC_IRQHandler                           0x0800096b   Thumb Code     2  startup_mm32f5277e.o(.text)
    SPI1_IRQHandler                          0x0800096b   Thumb Code     2  startup_mm32f5277e.o(.text)
    SPI2_IRQHandler                          0x0800096b   Thumb Code     2  startup_mm32f5277e.o(.text)
    SPI3_IRQHandler                          0x0800096b   Thumb Code     2  startup_mm32f5277e.o(.text)
    SVC_Handler                              0x0800096b   Thumb Code     2  startup_mm32f5277e.o(.text)
    SecureFault_Handler                      0x0800096b   Thumb Code     2  startup_mm32f5277e.o(.text)
    SysTick_Handler                          0x0800096b   Thumb Code     2  startup_mm32f5277e.o(.text)
    TIM1_BRK_IRQHandler                      0x0800096b   Thumb Code     2  startup_mm32f5277e.o(.text)
    TIM1_CC_IRQHandler                       0x0800096b   Thumb Code     2  startup_mm32f5277e.o(.text)
    TIM1_TRG_COM_IRQHandler                  0x0800096b   Thumb Code     2  startup_mm32f5277e.o(.text)
    TIM8_BRK_IRQHandler                      0x0800096b   Thumb Code     2  startup_mm32f5277e.o(.text)
    TIM8_CC_IRQHandler                       0x0800096b   Thumb Code     2  startup_mm32f5277e.o(.text)
    TIM8_TRG_COM_IRQHandler                  0x0800096b   Thumb Code     2  startup_mm32f5277e.o(.text)
    USB_FS_IRQHandler                        0x0800096b   Thumb Code     2  startup_mm32f5277e.o(.text)
    USB_WKUP_IRQHandler                      0x0800096b   Thumb Code     2  startup_mm32f5277e.o(.text)
    UsageFault_Handler                       0x0800096b   Thumb Code     2  startup_mm32f5277e.o(.text)
    WWDG_IWDG_IRQHandler                     0x0800096b   Thumb Code     2  startup_mm32f5277e.o(.text)
    __aeabi_memcpy                           0x08000975   Thumb Code    36  memcpya.o(.text)
    __aeabi_memcpy4                          0x08000975   Thumb Code     0  memcpya.o(.text)
    __aeabi_memcpy8                          0x08000975   Thumb Code     0  memcpya.o(.text)
    __aeabi_memset                           0x08000999   Thumb Code    14  memseta.o(.text)
    __aeabi_memset4                          0x08000999   Thumb Code     0  memseta.o(.text)
    __aeabi_memset8                          0x08000999   Thumb Code     0  memseta.o(.text)
    __aeabi_memclr                           0x080009a7   Thumb Code     4  memseta.o(.text)
    __aeabi_memclr4                          0x080009a7   Thumb Code     0  memseta.o(.text)
    __aeabi_memclr8                          0x080009a7   Thumb Code     0  memseta.o(.text)
    _memset$wrapper                          0x080009ab   Thumb Code    18  memseta.o(.text)
    strlen                                   0x080009bd   Thumb Code    14  strlen.o(.text)
    strncmp                                  0x080009cb   Thumb Code    30  strncmp.o(.text)
    __aeabi_dadd                             0x080009e9   Thumb Code   322  dadd.o(.text)
    __aeabi_dsub                             0x08000b2b   Thumb Code     6  dadd.o(.text)
    __aeabi_drsub                            0x08000b31   Thumb Code     6  dadd.o(.text)
    __aeabi_dmul                             0x08000b37   Thumb Code   228  dmul.o(.text)
    __aeabi_ddiv                             0x08000c1b   Thumb Code   222  ddiv.o(.text)
    __aeabi_uidiv                            0x08000cf9   Thumb Code     0  uidiv.o(.text)
    __aeabi_uidivmod                         0x08000cf9   Thumb Code    44  uidiv.o(.text)
    __aeabi_uldivmod                         0x08000d25   Thumb Code    98  uldiv.o(.text)
    __aeabi_llsl                             0x08000d87   Thumb Code    30  llshl.o(.text)
    _ll_shift_l                              0x08000d87   Thumb Code     0  llshl.o(.text)
    __aeabi_llsr                             0x08000da5   Thumb Code    32  llushr.o(.text)
    _ll_ushift_r                             0x08000da5   Thumb Code     0  llushr.o(.text)
    __aeabi_lasr                             0x08000dc5   Thumb Code    36  llsshr.o(.text)
    _ll_sshift_r                             0x08000dc5   Thumb Code     0  llsshr.o(.text)
    __I$use$fp                               0x08000de9   Thumb Code     0  iusefp.o(.text)
    _double_round                            0x08000de9   Thumb Code    30  depilogue.o(.text)
    _double_epilogue                         0x08000e07   Thumb Code   156  depilogue.o(.text)
    __aeabi_d2ulz                            0x08000ea3   Thumb Code    48  dfixul.o(.text)
    __aeabi_cdrcmple                         0x08000ed5   Thumb Code    48  cdrcmple.o(.text)
    __scatterload                            0x08000f05   Thumb Code    28  init.o(.text)
    __scatterload_rt2                        0x08000f05   Thumb Code     0  init.o(.text)
    DMA1_CH1_IRQHandler                      0x08000f29   Thumb Code   154  isr.o(.text.DMA1_CH1_IRQHandler)
    DMA1_CH2_IRQHandler                      0x08000fc5   Thumb Code   154  isr.o(.text.DMA1_CH2_IRQHandler)
    DMA1_CH3_IRQHandler                      0x08001061   Thumb Code   154  isr.o(.text.DMA1_CH3_IRQHandler)
    DMA1_CH4_IRQHandler                      0x080010fd   Thumb Code   166  isr.o(.text.DMA1_CH4_IRQHandler)
    DMA1_CH5_IRQHandler                      0x080011a5   Thumb Code   154  isr.o(.text.DMA1_CH5_IRQHandler)
    DMA1_CH6_IRQHandler                      0x08001241   Thumb Code   154  isr.o(.text.DMA1_CH6_IRQHandler)
    DMA1_CH7_IRQHandler                      0x080012dd   Thumb Code   154  isr.o(.text.DMA1_CH7_IRQHandler)
    DMA1_CH8_IRQHandler                      0x08001379   Thumb Code   154  isr.o(.text.DMA1_CH8_IRQHandler)
    DMA2_CH1_IRQHandler                      0x08001415   Thumb Code   170  isr.o(.text.DMA2_CH1_IRQHandler)
    DMA2_CH2_IRQHandler                      0x080014c1   Thumb Code   170  isr.o(.text.DMA2_CH2_IRQHandler)
    DMA2_CH3_IRQHandler                      0x0800156d   Thumb Code   170  isr.o(.text.DMA2_CH3_IRQHandler)
    DMA2_CH4_IRQHandler                      0x08001619   Thumb Code   170  isr.o(.text.DMA2_CH4_IRQHandler)
    DMA2_CH5_IRQHandler                      0x080016c5   Thumb Code   170  isr.o(.text.DMA2_CH5_IRQHandler)
    DMA2_CH6_IRQHandler                      0x08001771   Thumb Code   170  isr.o(.text.DMA2_CH6_IRQHandler)
    DMA2_CH7_IRQHandler                      0x0800181d   Thumb Code   170  isr.o(.text.DMA2_CH7_IRQHandler)
    DMA2_CH8_IRQHandler                      0x080018c9   Thumb Code   170  isr.o(.text.DMA2_CH8_IRQHandler)
    DMA_ClearChannelInterruptStatus          0x08001975   Thumb Code    28  hal_dma.o(.text.DMA_ClearChannelInterruptStatus)
    DMA_EnableBurstMode                      0x08001991   Thumb Code    68  hal_dma.o(.text.DMA_EnableBurstMode)
    DMA_EnableChannel                        0x080019d5   Thumb Code    68  hal_dma.o(.text.DMA_EnableChannel)
    DMA_EnableChannelInterrupts              0x08001a19   Thumb Code    82  hal_dma.o(.text.DMA_EnableChannelInterrupts)
    DMA_GetChannelInterruptStatus            0x08001a6d   Thumb Code    24  hal_dma.o(.text.DMA_GetChannelInterruptStatus)
    DMA_InitChannel                          0x08001a85   Thumb Code   236  hal_dma.o(.text.DMA_InitChannel)
    EXTI0_IRQHandler                         0x08001b71   Thumb Code    18  isr.o(.text.EXTI0_IRQHandler)
    EXTI15_10_IRQHandler                     0x08001b85   Thumb Code   232  isr.o(.text.EXTI15_10_IRQHandler)
    EXTI1_IRQHandler                         0x08001c6d   Thumb Code    18  isr.o(.text.EXTI1_IRQHandler)
    EXTI2_IRQHandler                         0x08001c81   Thumb Code    18  isr.o(.text.EXTI2_IRQHandler)
    EXTI3_IRQHandler                         0x08001c95   Thumb Code    18  isr.o(.text.EXTI3_IRQHandler)
    EXTI4_IRQHandler                         0x08001ca9   Thumb Code    18  isr.o(.text.EXTI4_IRQHandler)
    EXTI9_5_IRQHandler                       0x08001cbd   Thumb Code   200  isr.o(.text.EXTI9_5_IRQHandler)
    EXTI_ClearLineStatus                     0x08001d85   Thumb Code    20  hal_exti.o(.text.EXTI_ClearLineStatus)
    EXTI_EnableLineInterrupt                 0x08001d99   Thumb Code    48  hal_exti.o(.text.EXTI_EnableLineInterrupt)
    EXTI_GetLineStatus                       0x08001dc9   Thumb Code    12  hal_exti.o(.text.EXTI_GetLineStatus)
    EXTI_SetTriggerIn                        0x08001dd5   Thumb Code   156  hal_exti.o(.text.EXTI_SetTriggerIn)
    GPIO_Init                                0x08001e71   Thumb Code   276  hal_gpio.o(.text.GPIO_Init)
    GPIO_PinAFConf                           0x08001f85   Thumb Code   192  hal_gpio.o(.text.GPIO_PinAFConf)
    LPTIM_Init                               0x08002045   Thumb Code    62  hal_lptim.o(.text.LPTIM_Init)
    RCC_EnableAHB1Periphs                    0x08002085   Thumb Code    58  hal_rcc.o(.text.RCC_EnableAHB1Periphs)
    RCC_EnableAPB1Periphs                    0x080020c1   Thumb Code    58  hal_rcc.o(.text.RCC_EnableAPB1Periphs)
    RCC_EnableAPB2Periphs                    0x080020fd   Thumb Code    58  hal_rcc.o(.text.RCC_EnableAPB2Periphs)
    RCC_ResetAPB2Periphs                     0x08002139   Thumb Code    32  hal_rcc.o(.text.RCC_ResetAPB2Periphs)
    SPI_Enable                               0x08002159   Thumb Code    46  hal_spi.o(.text.SPI_Enable)
    SPI_InitMaster                           0x08002189   Thumb Code   236  hal_spi.o(.text.SPI_InitMaster)
    SPI_SetBaudrate                          0x08002275   Thumb Code    74  hal_spi.o(.text.SPI_SetBaudrate)
    SYSCFG_SetExtIntMux                      0x080022c1   Thumb Code   210  hal_syscfg.o(.text.SYSCFG_SetExtIntMux)
    SystemInit                               0x08002395   Thumb Code   124  system_mm32f5277e.o(.text.SystemInit)
    TIM1_UP_IRQHandler                       0x08002411   Thumb Code    30  isr.o(.text.TIM1_UP_IRQHandler)
    TIM2_IRQHandler                          0x08002431   Thumb Code    26  isr.o(.text.TIM2_IRQHandler)
    TIM3_IRQHandler                          0x0800244d   Thumb Code    30  isr.o(.text.TIM3_IRQHandler)
    TIM4_IRQHandler                          0x0800246d   Thumb Code    30  isr.o(.text.TIM4_IRQHandler)
    TIM5_IRQHandler                          0x0800248d   Thumb Code    30  isr.o(.text.TIM5_IRQHandler)
    TIM6_IRQHandler                          0x080024ad   Thumb Code    30  isr.o(.text.TIM6_IRQHandler)
    TIM7_IRQHandler                          0x080024cd   Thumb Code    30  isr.o(.text.TIM7_IRQHandler)
    TIM8_UP_IRQHandler                       0x080024ed   Thumb Code    30  isr.o(.text.TIM8_UP_IRQHandler)
    TIM_ClearInterruptStatus                 0x0800250d   Thumb Code    20  hal_tim.o(.text.TIM_ClearInterruptStatus)
    TIM_DoSwTrigger                          0x08002521   Thumb Code    16  hal_tim.o(.text.TIM_DoSwTrigger)
    TIM_EnableDMA                            0x08002531   Thumb Code    48  hal_tim.o(.text.TIM_EnableDMA)
    TIM_EnableExtTriggerIn                   0x08002561   Thumb Code   118  hal_tim.o(.text.TIM_EnableExtTriggerIn)
    TIM_EnableSlaveMode                      0x080025d9   Thumb Code    64  hal_tim.o(.text.TIM_EnableSlaveMode)
    TIM_GetInterruptStatus                   0x08002619   Thumb Code    12  hal_tim.o(.text.TIM_GetInterruptStatus)
    TIM_Init                                 0x08002625   Thumb Code   194  hal_tim.o(.text.TIM_Init)
    TIM_Start                                0x080026e9   Thumb Code    18  hal_tim.o(.text.TIM_Start)
    TIM_Stop                                 0x080026fd   Thumb Code    18  hal_tim.o(.text.TIM_Stop)
    UART1_IRQHandler                         0x08002711   Thumb Code    74  isr.o(.text.UART1_IRQHandler)
    UART2_IRQHandler                         0x0800275d   Thumb Code    74  isr.o(.text.UART2_IRQHandler)
    UART3_IRQHandler                         0x080027a9   Thumb Code    74  isr.o(.text.UART3_IRQHandler)
    UART4_IRQHandler                         0x080027f5   Thumb Code    78  isr.o(.text.UART4_IRQHandler)
    UART5_IRQHandler                         0x08002845   Thumb Code    86  isr.o(.text.UART5_IRQHandler)
    UART6_IRQHandler                         0x0800289d   Thumb Code    86  isr.o(.text.UART6_IRQHandler)
    UART7_IRQHandler                         0x080028f5   Thumb Code    74  isr.o(.text.UART7_IRQHandler)
    UART_ClearInterruptStatus                0x08002941   Thumb Code    16  hal_uart.o(.text.UART_ClearInterruptStatus)
    UART_Enable                              0x08002951   Thumb Code    46  hal_uart.o(.text.UART_Enable)
    UART_EnableInterrupts                    0x08002981   Thumb Code    48  hal_uart.o(.text.UART_EnableInterrupts)
    UART_GetData                             0x080029b1   Thumb Code    14  hal_uart.o(.text.UART_GetData)
    UART_GetInterruptStatus                  0x080029c1   Thumb Code    12  hal_uart.o(.text.UART_GetInterruptStatus)
    UART_GetStatus                           0x080029cd   Thumb Code    12  hal_uart.o(.text.UART_GetStatus)
    UART_Init                                0x080029d9   Thumb Code   224  hal_uart.o(.text.UART_Init)
    UART_PutData                             0x08002ab9   Thumb Code    20  hal_uart.o(.text.UART_PutData)
    afio_init                                0x08002bb5   Thumb Code   326  zf_driver_gpio.o(.text.afio_init)
    camera_fifo_init                         0x08002cfd   Thumb Code    28  zf_device_camera.o(.text.camera_fifo_init)
    camera_init                              0x08002d19   Thumb Code   218  zf_device_camera.o(.text.camera_init)
    clock_init                               0x08002df5   Thumb Code    24  zf_common_clock.o(.text.clock_init)
    debug_assert_handler                     0x080033e1   Thumb Code   108  zf_common_debug.o(.text.debug_assert_handler)
    debug_init                               0x0800348d   Thumb Code    50  zf_common_debug.o(.text.debug_init)
    debug_log_handler                        0x080034c1   Thumb Code    66  zf_common_debug.o(.text.debug_log_handler)
    debug_output_init                        0x080038b5   Thumb Code    76  zf_common_debug.o(.text.debug_output_init)
    debug_output_struct_init                 0x08003901   Thumb Code    48  zf_common_debug.o(.text.debug_output_struct_init)
    dma_camera_init                          0x08003a41   Thumb Code   388  zf_driver_dma.o(.text.dma_camera_init)
    dma_disable                              0x08003bc5   Thumb Code   122  zf_driver_dma.o(.text.dma_disable)
    dma_enable                               0x08003c41   Thumb Code   118  zf_driver_dma.o(.text.dma_enable)
    dma_set_count                            0x08003cb9   Thumb Code    96  zf_driver_dma.o(.text.dma_set_count)
    exti_init                                0x08003d19   Thumb Code   262  zf_driver_exti.o(.text.exti_init)
    fifo_clear                               0x08003e21   Thumb Code   146  zf_common_fifo.o(.text.fifo_clear)
    fifo_init                                0x08003f15   Thumb Code    84  zf_common_fifo.o(.text.fifo_init)
    fifo_read_buffer                         0x08003f69   Thumb Code   450  zf_common_fifo.o(.text.fifo_read_buffer)
    fifo_used                                0x0800412d   Thumb Code    16  zf_common_fifo.o(.text.fifo_used)
    fifo_write_buffer                        0x0800413d   Thumb Code   484  zf_common_fifo.o(.text.fifo_write_buffer)
    fifo_write_element                       0x08004321   Thumb Code   168  zf_common_fifo.o(.text.fifo_write_element)
    func_get_greatest_common_divisor         0x080043c9   Thumb Code    66  zf_common_function.o(.text.func_get_greatest_common_divisor)
    gpio_get_level                           0x0800440d   Thumb Code    46  zf_driver_gpio.o(.text.gpio_get_level)
    gpio_init                                0x0800443d   Thumb Code   392  zf_driver_gpio.o(.text.gpio_init)
    gpio_set_level                           0x080045c5   Thumb Code    94  zf_driver_gpio.o(.text.gpio_set_level)
    gps_uart_callback                        0x08004625   Thumb Code   310  zf_device_gps_tau1201.o(.text.gps_uart_callback)
    interrupt_disable                        0x0800475d   Thumb Code    20  zf_common_interrupt.o(.text.interrupt_disable)
    interrupt_enable                         0x08004771   Thumb Code    20  zf_common_interrupt.o(.text.interrupt_enable)
    interrupt_global_disable                 0x08004785   Thumb Code    36  zf_common_interrupt.o(.text.interrupt_global_disable)
    interrupt_init                           0x080047a9   Thumb Code    10  zf_common_interrupt.o(.text.interrupt_init)
    interrupt_set_priority                   0x080047b5   Thumb Code    28  zf_common_interrupt.o(.text.interrupt_set_priority)
    ips200_clear                             0x080047d1   Thumb Code   212  zf_device_ips200.o(.text.ips200_clear)
    ips200_init                              0x08004931   Thumb Code  1088  zf_device_ips200.o(.text.ips200_init)
    ips200_set_color                         0x08004d71   Thumb Code    42  zf_device_ips200.o(.text.ips200_set_color)
    ips200_set_dir                           0x08004d9d   Thumb Code    90  zf_device_ips200.o(.text.ips200_set_dir)
    ips200_show_char                         0x08004ebd   Thumb Code   676  zf_device_ips200.o(.text.ips200_show_char)
    ips200_show_string                       0x08005161   Thumb Code   230  zf_device_ips200.o(.text.ips200_show_string)
    main                                     0x080053e9   Thumb Code   156  main.o(.text.main)
    mt9v03x_get_version                      0x080055bd   Thumb Code   156  zf_device_mt9v03x.o(.text.mt9v03x_get_version)
    mt9v03x_init                             0x08005659   Thumb Code   390  zf_device_mt9v03x.o(.text.mt9v03x_init)
    mt9v03x_set_config_sccb                  0x08005911   Thumb Code  2442  zf_device_config.o(.text.mt9v03x_set_config_sccb)
    sent_data                                0x08006349   Thumb Code   344  debug.o(.text.sent_data)
    set_camera_type                          0x080064a1   Thumb Code   138  zf_device_type.o(.text.set_camera_type)
    set_wireless_type                        0x0800652d   Thumb Code    62  zf_device_type.o(.text.set_wireless_type)
    soft_iic_init                            0x0800656d   Thumb Code   122  zf_driver_soft_iic.o(.text.soft_iic_init)
    soft_iic_sccb_read_register              0x08006739   Thumb Code    96  zf_driver_soft_iic.o(.text.soft_iic_sccb_read_register)
    soft_iic_sccb_write_register             0x08006799   Thumb Code    62  zf_driver_soft_iic.o(.text.soft_iic_sccb_write_register)
    spi_init                                 0x08006c31   Thumb Code   680  zf_driver_spi.o(.text.spi_init)
    spi_write_16bit                          0x08006ed9   Thumb Code   184  zf_driver_spi.o(.text.spi_write_16bit)
    spi_write_8bit                           0x08006f91   Thumb Code   134  zf_driver_spi.o(.text.spi_write_8bit)
    system_delay_ms                          0x08007019   Thumb Code   206  zf_driver_delay.o(.text.system_delay_ms)
    timer_clear                              0x080070e9   Thumb Code   164  zf_driver_timer.o(.text.timer_clear)
    timer_clock_enable                       0x0800718d   Thumb Code   120  zf_driver_timer.o(.text.timer_clock_enable)
    timer_etr_init                           0x08007205   Thumb Code   478  zf_driver_timer.o(.text.timer_etr_init)
    timer_funciton_check                     0x080073e5   Thumb Code   104  zf_driver_timer.o(.text.timer_funciton_check)
    timer_start                              0x0800744d   Thumb Code   146  zf_driver_timer.o(.text.timer_start)
    timer_stop                               0x080074e1   Thumb Code   162  zf_driver_timer.o(.text.timer_stop)
    uart_init                                0x08007589   Thumb Code   244  zf_driver_uart.o(.text.uart_init)
    uart_query_byte                          0x0800767d   Thumb Code    86  zf_driver_uart.o(.text.uart_query_byte)
    uart_rx_interrupt                        0x080076d5   Thumb Code   142  zf_driver_uart.o(.text.uart_rx_interrupt)
    uart_write_buffer                        0x08007765   Thumb Code    90  zf_driver_uart.o(.text.uart_write_buffer)
    uart_write_byte                          0x080077c1   Thumb Code    70  zf_driver_uart.o(.text.uart_write_byte)
    uart_write_string                        0x08007809   Thumb Code    42  zf_driver_uart.o(.text.uart_write_string)
    wireless_uart_callback                   0x08007835   Thumb Code    40  zf_device_wireless_uart.o(.text.wireless_uart_callback)
    wireless_uart_init                       0x0800785d   Thumb Code   100  zf_device_wireless_uart.o(.text.wireless_uart_init)
    wireless_uart_send_byte                  0x080078c1   Thumb Code    80  zf_device_wireless_uart.o(.text.wireless_uart_send_byte)
    __0sprintf                               0x08007911   Thumb Code    34  printfa.o(i.__0sprintf)
    __1sprintf                               0x08007911   Thumb Code     0  printfa.o(i.__0sprintf)
    __2sprintf                               0x08007911   Thumb Code     0  printfa.o(i.__0sprintf)
    __c89sprintf                             0x08007911   Thumb Code     0  printfa.o(i.__0sprintf)
    sprintf                                  0x08007911   Thumb Code     0  printfa.o(i.__0sprintf)
    __scatterload_copy                       0x08007939   Thumb Code    14  handlers.o(i.__scatterload_copy)
    __scatterload_null                       0x08007947   Thumb Code     2  handlers.o(i.__scatterload_null)
    __scatterload_zeroinit                   0x08007949   Thumb Code    14  handlers.o(i.__scatterload_zeroinit)
    ascii_font_6x8                           0x08008350   Data         552  zf_common_font.o(.rodata.ascii_font_6x8)
    ascii_font_8x16                          0x08008578   Data        1520  zf_common_font.o(.rodata.ascii_font_8x16)
    Region$$Table$$Base                      0x08008d70   Number         0  anon$$obj.o(Region$$Table)
    Region$$Table$$Limit                     0x08008d90   Number         0  anon$$obj.o(Region$$Table)
    bus_clock                                0x30000000   Data           4  zf_common_clock.o(.data.bus_clock)
    camera_dma_handler                       0x30000004   Data           4  zf_device_type.o(.data.camera_dma_handler)
    camera_uart_handler                      0x30000008   Data           4  zf_device_type.o(.data.camera_uart_handler)
    camera_vsync_handler                     0x3000000c   Data           4  zf_device_type.o(.data.camera_vsync_handler)
    gpio_group                               0x30000010   Data          36  zf_driver_gpio.o(.data.gpio_group)
    system_clock                             0x3000009c   Data           4  zf_common_clock.o(.data.system_clock)
    wireless_module_uart_handler             0x300000c4   Data           4  zf_device_type.o(.data.wireless_module_uart_handler)
    BUFF                                     0x300000cc   Data          30  debug.o(.bss.BUFF)
    camera_receiver_buffer                   0x300000ea   Data           8  zf_device_camera.o(.bss.camera_receiver_buffer)
    camera_receiver_fifo                     0x300000f4   Data          24  zf_device_camera.o(.bss.camera_receiver_fifo)
    camera_type                              0x3000010c   Data           1  zf_device_type.o(.bss.camera_type)
    gps_gga_state                            0x300001a4   Data           1  zf_device_gps_tau1201.o(.bss.gps_gga_state)
    gps_rmc_state                            0x30000225   Data           1  zf_device_gps_tau1201.o(.bss.gps_rmc_state)
    gps_tau1201_flag                         0x30000226   Data           1  zf_device_gps_tau1201.o(.bss.gps_tau1201_flag)
    h_blank                                  0x30000244   Data           4  zf_device_config.o(.bss.h_blank)
    image                                    0x30000248   Data          20  zf_device_config.o(.bss.image)
    mt9v03x_finish_flag                      0x30000262   Data           1  zf_device_mt9v03x.o(.bss.mt9v03x_finish_flag)
    mt9v03x_image                            0x30000274   Data        5640  zf_device_mt9v03x.o(.bss.mt9v03x_image)
    timer_function_state                     0x3000187e   Data           8  zf_driver_timer.o(.bss.timer_function_state)
    v_blank                                  0x30001890   Data           4  zf_device_config.o(.bss.v_blank)
    wireless_type                            0x30001894   Data           1  zf_device_type.o(.bss.wireless_type)
    Image$$ARM_LIB_STACK$$ZI$$Base           0x3001b000   Number         0  anon$$obj.o ABSOLUTE
    Image$$ARM_LIB_STACK$$ZI$$Limit          0x3001c000   Number         0  anon$$obj.o ABSOLUTE



==============================================================================

Memory Map of the image

  Image Entry point : 0x0800093d

  Load Region LR_ROM (Base: 0x08000000, Size: 0x00008e5c, Max: 0x00040000, ABSOLUTE)

    Execution Region ER_ROM (Exec base: 0x08000000, Load base: 0x08000000, Size: 0x00008d90, Max: 0x00040000, ABSOLUTE)

    Exec Addr    Load Addr    Size         Type   Attr      Idx    E Section Name        Object

    0x08000000   0x08000000   0x0000093c   Data   RO         1539    RESET               startup_mm32f5277e.o
    0x0800093c   0x0800093c   0x00000000   Code   RO         2586  * .ARM.Collect$$$$00000000  mc_w.l(entry.o)
    0x0800093c   0x0800093c   0x00000004   Code   RO         2778    .ARM.Collect$$$$00000003  mc_w.l(entry4.o)
    0x08000940   0x08000940   0x00000004   Code   RO         2781    .ARM.Collect$$$$00000004  mc_w.l(entry5.o)
    0x08000944   0x08000944   0x00000000   Code   RO         2783    .ARM.Collect$$$$00000008  mc_w.l(entry7b.o)
    0x08000944   0x08000944   0x00000000   Code   RO         2785    .ARM.Collect$$$$0000000A  mc_w.l(entry8b.o)
    0x08000944   0x08000944   0x00000008   Code   RO         2786    .ARM.Collect$$$$0000000B  mc_w.l(entry9a.o)
    0x0800094c   0x0800094c   0x00000000   Code   RO         2788    .ARM.Collect$$$$0000000D  mc_w.l(entry10a.o)
    0x0800094c   0x0800094c   0x00000000   Code   RO         2790    .ARM.Collect$$$$0000000F  mc_w.l(entry11a.o)
    0x0800094c   0x0800094c   0x00000004   Code   RO         2779    .ARM.Collect$$$$00002714  mc_w.l(entry4.o)
    0x08000950   0x08000950   0x00000024   Code   RO         1538    .text               startup_mm32f5277e.o
    0x08000974   0x08000974   0x00000024   Code   RO         2589    .text               mc_w.l(memcpya.o)
    0x08000998   0x08000998   0x00000024   Code   RO         2591    .text               mc_w.l(memseta.o)
    0x080009bc   0x080009bc   0x0000000e   Code   RO         2599    .text               mc_w.l(strlen.o)
    0x080009ca   0x080009ca   0x0000001e   Code   RO         2601    .text               mc_w.l(strncmp.o)
    0x080009e8   0x080009e8   0x0000014e   Code   RO         2635    .text               mf_w.l(dadd.o)
    0x08000b36   0x08000b36   0x000000e4   Code   RO         2637    .text               mf_w.l(dmul.o)
    0x08000c1a   0x08000c1a   0x000000de   Code   RO         2639    .text               mf_w.l(ddiv.o)
    0x08000cf8   0x08000cf8   0x0000002c   Code   RO         2802    .text               mc_w.l(uidiv.o)
    0x08000d24   0x08000d24   0x00000062   Code   RO         2804    .text               mc_w.l(uldiv.o)
    0x08000d86   0x08000d86   0x0000001e   Code   RO         2806    .text               mc_w.l(llshl.o)
    0x08000da4   0x08000da4   0x00000020   Code   RO         2808    .text               mc_w.l(llushr.o)
    0x08000dc4   0x08000dc4   0x00000024   Code   RO         2810    .text               mc_w.l(llsshr.o)
    0x08000de8   0x08000de8   0x00000000   Code   RO         2821    .text               mc_w.l(iusefp.o)
    0x08000de8   0x08000de8   0x000000ba   Code   RO         2824    .text               mf_w.l(depilogue.o)
    0x08000ea2   0x08000ea2   0x00000030   Code   RO         2832    .text               mf_w.l(dfixul.o)
    0x08000ed2   0x08000ed2   0x00000002   PAD
    0x08000ed4   0x08000ed4   0x00000030   Code   RO         2836    .text               mf_w.l(cdrcmple.o)
    0x08000f04   0x08000f04   0x00000024   Code   RO         2839    .text               mc_w.l(init.o)
    0x08000f28   0x08000f28   0x0000009a   Code   RO           48    .text.DMA1_CH1_IRQHandler  isr.o
    0x08000fc2   0x08000fc2   0x00000002   PAD
    0x08000fc4   0x08000fc4   0x0000009a   Code   RO           50    .text.DMA1_CH2_IRQHandler  isr.o
    0x0800105e   0x0800105e   0x00000002   PAD
    0x08001060   0x08001060   0x0000009a   Code   RO           52    .text.DMA1_CH3_IRQHandler  isr.o
    0x080010fa   0x080010fa   0x00000002   PAD
    0x080010fc   0x080010fc   0x000000a6   Code   RO           54    .text.DMA1_CH4_IRQHandler  isr.o
    0x080011a2   0x080011a2   0x00000002   PAD
    0x080011a4   0x080011a4   0x0000009a   Code   RO           56    .text.DMA1_CH5_IRQHandler  isr.o
    0x0800123e   0x0800123e   0x00000002   PAD
    0x08001240   0x08001240   0x0000009a   Code   RO           58    .text.DMA1_CH6_IRQHandler  isr.o
    0x080012da   0x080012da   0x00000002   PAD
    0x080012dc   0x080012dc   0x0000009a   Code   RO           60    .text.DMA1_CH7_IRQHandler  isr.o
    0x08001376   0x08001376   0x00000002   PAD
    0x08001378   0x08001378   0x0000009a   Code   RO           62    .text.DMA1_CH8_IRQHandler  isr.o
    0x08001412   0x08001412   0x00000002   PAD
    0x08001414   0x08001414   0x000000aa   Code   RO           64    .text.DMA2_CH1_IRQHandler  isr.o
    0x080014be   0x080014be   0x00000002   PAD
    0x080014c0   0x080014c0   0x000000aa   Code   RO           66    .text.DMA2_CH2_IRQHandler  isr.o
    0x0800156a   0x0800156a   0x00000002   PAD
    0x0800156c   0x0800156c   0x000000aa   Code   RO           68    .text.DMA2_CH3_IRQHandler  isr.o
    0x08001616   0x08001616   0x00000002   PAD
    0x08001618   0x08001618   0x000000aa   Code   RO           70    .text.DMA2_CH4_IRQHandler  isr.o
    0x080016c2   0x080016c2   0x00000002   PAD
    0x080016c4   0x080016c4   0x000000aa   Code   RO           72    .text.DMA2_CH5_IRQHandler  isr.o
    0x0800176e   0x0800176e   0x00000002   PAD
    0x08001770   0x08001770   0x000000aa   Code   RO           74    .text.DMA2_CH6_IRQHandler  isr.o
    0x0800181a   0x0800181a   0x00000002   PAD
    0x0800181c   0x0800181c   0x000000aa   Code   RO           76    .text.DMA2_CH7_IRQHandler  isr.o
    0x080018c6   0x080018c6   0x00000002   PAD
    0x080018c8   0x080018c8   0x000000aa   Code   RO           78    .text.DMA2_CH8_IRQHandler  isr.o
    0x08001972   0x08001972   0x00000002   PAD
    0x08001974   0x08001974   0x0000001c   Code   RO         1720    .text.DMA_ClearChannelInterruptStatus  hal_dma.o
    0x08001990   0x08001990   0x00000044   Code   RO         1724    .text.DMA_EnableBurstMode  hal_dma.o
    0x080019d4   0x080019d4   0x00000044   Code   RO         1722    .text.DMA_EnableChannel  hal_dma.o
    0x08001a18   0x08001a18   0x00000052   Code   RO         1716    .text.DMA_EnableChannelInterrupts  hal_dma.o
    0x08001a6a   0x08001a6a   0x00000002   PAD
    0x08001a6c   0x08001a6c   0x00000018   Code   RO         1718    .text.DMA_GetChannelInterruptStatus  hal_dma.o
    0x08001a84   0x08001a84   0x000000ec   Code   RO         1714    .text.DMA_InitChannel  hal_dma.o
    0x08001b70   0x08001b70   0x00000012   Code   RO           34    .text.EXTI0_IRQHandler  isr.o
    0x08001b82   0x08001b82   0x00000002   PAD
    0x08001b84   0x08001b84   0x000000e8   Code   RO           46    .text.EXTI15_10_IRQHandler  isr.o
    0x08001c6c   0x08001c6c   0x00000012   Code   RO           36    .text.EXTI1_IRQHandler  isr.o
    0x08001c7e   0x08001c7e   0x00000002   PAD
    0x08001c80   0x08001c80   0x00000012   Code   RO           38    .text.EXTI2_IRQHandler  isr.o
    0x08001c92   0x08001c92   0x00000002   PAD
    0x08001c94   0x08001c94   0x00000012   Code   RO           40    .text.EXTI3_IRQHandler  isr.o
    0x08001ca6   0x08001ca6   0x00000002   PAD
    0x08001ca8   0x08001ca8   0x00000012   Code   RO           42    .text.EXTI4_IRQHandler  isr.o
    0x08001cba   0x08001cba   0x00000002   PAD
    0x08001cbc   0x08001cbc   0x000000c8   Code   RO           44    .text.EXTI9_5_IRQHandler  isr.o
    0x08001d84   0x08001d84   0x00000014   Code   RO         1743    .text.EXTI_ClearLineStatus  hal_exti.o
    0x08001d98   0x08001d98   0x00000030   Code   RO         1733    .text.EXTI_EnableLineInterrupt  hal_exti.o
    0x08001dc8   0x08001dc8   0x0000000c   Code   RO         1741    .text.EXTI_GetLineStatus  hal_exti.o
    0x08001dd4   0x08001dd4   0x0000009c   Code   RO         1737    .text.EXTI_SetTriggerIn  hal_exti.o
    0x08001e70   0x08001e70   0x00000114   Code   RO         1839    .text.GPIO_Init     hal_gpio.o
    0x08001f84   0x08001f84   0x000000c0   Code   RO         1861    .text.GPIO_PinAFConf  hal_gpio.o
    0x08002044   0x08002044   0x0000003e   Code   RO         1965    .text.LPTIM_Init    hal_lptim.o
    0x08002082   0x08002082   0x00000002   PAD
    0x08002084   0x08002084   0x0000003a   Code   RO         2130    .text.RCC_EnableAHB1Periphs  hal_rcc.o
    0x080020be   0x080020be   0x00000002   PAD
    0x080020c0   0x080020c0   0x0000003a   Code   RO         2132    .text.RCC_EnableAPB1Periphs  hal_rcc.o
    0x080020fa   0x080020fa   0x00000002   PAD
    0x080020fc   0x080020fc   0x0000003a   Code   RO         2134    .text.RCC_EnableAPB2Periphs  hal_rcc.o
    0x08002136   0x08002136   0x00000002   PAD
    0x08002138   0x08002138   0x00000020   Code   RO         2140    .text.RCC_ResetAPB2Periphs  hal_rcc.o
    0x08002158   0x08002158   0x0000002e   Code   RO         2233    .text.SPI_Enable    hal_spi.o
    0x08002186   0x08002186   0x00000002   PAD
    0x08002188   0x08002188   0x000000ec   Code   RO         2229    .text.SPI_InitMaster  hal_spi.o
    0x08002274   0x08002274   0x0000004a   Code   RO         2227    .text.SPI_SetBaudrate  hal_spi.o
    0x080022be   0x080022be   0x00000002   PAD
    0x080022c0   0x080022c0   0x000000d2   Code   RO         2272    .text.SYSCFG_SetExtIntMux  hal_syscfg.o
    0x08002392   0x08002392   0x00000002   PAD
    0x08002394   0x08002394   0x0000007c   Code   RO         1546    .text.SystemInit    system_mm32f5277e.o
    0x08002410   0x08002410   0x0000001e   Code   RO            4    .text.TIM1_UP_IRQHandler  isr.o
    0x0800242e   0x0800242e   0x00000002   PAD
    0x08002430   0x08002430   0x0000001a   Code   RO            6    .text.TIM2_IRQHandler  isr.o
    0x0800244a   0x0800244a   0x00000002   PAD
    0x0800244c   0x0800244c   0x0000001e   Code   RO            8    .text.TIM3_IRQHandler  isr.o
    0x0800246a   0x0800246a   0x00000002   PAD
    0x0800246c   0x0800246c   0x0000001e   Code   RO           10    .text.TIM4_IRQHandler  isr.o
    0x0800248a   0x0800248a   0x00000002   PAD
    0x0800248c   0x0800248c   0x0000001e   Code   RO           12    .text.TIM5_IRQHandler  isr.o
    0x080024aa   0x080024aa   0x00000002   PAD
    0x080024ac   0x080024ac   0x0000001e   Code   RO           14    .text.TIM6_IRQHandler  isr.o
    0x080024ca   0x080024ca   0x00000002   PAD
    0x080024cc   0x080024cc   0x0000001e   Code   RO           16    .text.TIM7_IRQHandler  isr.o
    0x080024ea   0x080024ea   0x00000002   PAD
    0x080024ec   0x080024ec   0x0000001e   Code   RO           18    .text.TIM8_UP_IRQHandler  isr.o
    0x0800250a   0x0800250a   0x00000002   PAD
    0x0800250c   0x0800250c   0x00000014   Code   RO         2315    .text.TIM_ClearInterruptStatus  hal_tim.o
    0x08002520   0x08002520   0x00000010   Code   RO         2311    .text.TIM_DoSwTrigger  hal_tim.o
    0x08002530   0x08002530   0x00000030   Code   RO         2309    .text.TIM_EnableDMA  hal_tim.o
    0x08002560   0x08002560   0x00000076   Code   RO         2339    .text.TIM_EnableExtTriggerIn  hal_tim.o
    0x080025d6   0x080025d6   0x00000002   PAD
    0x080025d8   0x080025d8   0x00000040   Code   RO         2337    .text.TIM_EnableSlaveMode  hal_tim.o
    0x08002618   0x08002618   0x0000000c   Code   RO         2313    .text.TIM_GetInterruptStatus  hal_tim.o
    0x08002624   0x08002624   0x000000c2   Code   RO         2297    .text.TIM_Init      hal_tim.o
    0x080026e6   0x080026e6   0x00000002   PAD
    0x080026e8   0x080026e8   0x00000012   Code   RO         2299    .text.TIM_Start     hal_tim.o
    0x080026fa   0x080026fa   0x00000002   PAD
    0x080026fc   0x080026fc   0x00000012   Code   RO         2301    .text.TIM_Stop      hal_tim.o
    0x0800270e   0x0800270e   0x00000002   PAD
    0x08002710   0x08002710   0x0000004a   Code   RO           20    .text.UART1_IRQHandler  isr.o
    0x0800275a   0x0800275a   0x00000002   PAD
    0x0800275c   0x0800275c   0x0000004a   Code   RO           22    .text.UART2_IRQHandler  isr.o
    0x080027a6   0x080027a6   0x00000002   PAD
    0x080027a8   0x080027a8   0x0000004a   Code   RO           24    .text.UART3_IRQHandler  isr.o
    0x080027f2   0x080027f2   0x00000002   PAD
    0x080027f4   0x080027f4   0x0000004e   Code   RO           26    .text.UART4_IRQHandler  isr.o
    0x08002842   0x08002842   0x00000002   PAD
    0x08002844   0x08002844   0x00000056   Code   RO           28    .text.UART5_IRQHandler  isr.o
    0x0800289a   0x0800289a   0x00000002   PAD
    0x0800289c   0x0800289c   0x00000056   Code   RO           30    .text.UART6_IRQHandler  isr.o
    0x080028f2   0x080028f2   0x00000002   PAD
    0x080028f4   0x080028f4   0x0000004a   Code   RO           32    .text.UART7_IRQHandler  isr.o
    0x0800293e   0x0800293e   0x00000002   PAD
    0x08002940   0x08002940   0x00000010   Code   RO         2382    .text.UART_ClearInterruptStatus  hal_uart.o
    0x08002950   0x08002950   0x0000002e   Code   RO         2366    .text.UART_Enable   hal_uart.o
    0x0800297e   0x0800297e   0x00000002   PAD
    0x08002980   0x08002980   0x00000030   Code   RO         2368    .text.UART_EnableInterrupts  hal_uart.o
    0x080029b0   0x080029b0   0x0000000e   Code   RO         2376    .text.UART_GetData  hal_uart.o
    0x080029be   0x080029be   0x00000002   PAD
    0x080029c0   0x080029c0   0x0000000c   Code   RO         2380    .text.UART_GetInterruptStatus  hal_uart.o
    0x080029cc   0x080029cc   0x0000000c   Code   RO         2378    .text.UART_GetStatus  hal_uart.o
    0x080029d8   0x080029d8   0x000000e0   Code   RO         2364    .text.UART_Init     hal_uart.o
    0x08002ab8   0x08002ab8   0x00000014   Code   RO         2374    .text.UART_PutData  hal_uart.o
    0x08002acc   0x08002acc   0x00000038   Code   RO          245    .text.__NVIC_DisableIRQ  zf_common_interrupt.o
    0x08002b04   0x08002b04   0x00000030   Code   RO          241    .text.__NVIC_EnableIRQ  zf_common_interrupt.o
    0x08002b34   0x08002b34   0x00000042   Code   RO          249    .text.__NVIC_SetPriority  zf_common_interrupt.o
    0x08002b76   0x08002b76   0x00000002   PAD
    0x08002b78   0x08002b78   0x0000003c   Code   RO          253    .text.__NVIC_SetPriorityGrouping  zf_common_interrupt.o
    0x08002bb4   0x08002bb4   0x00000146   Code   RO          393    .text.afio_init     zf_driver_gpio.o
    0x08002cfa   0x08002cfa   0x00000002   PAD
    0x08002cfc   0x08002cfc   0x0000001c   Code   RO          749    .text.camera_fifo_init  zf_device_camera.o
    0x08002d18   0x08002d18   0x000000da   Code   RO          751    .text.camera_init   zf_device_camera.o
    0x08002df2   0x08002df2   0x00000002   PAD
    0x08002df4   0x08002df4   0x00000018   Code   RO          106    .text.clock_init    zf_common_clock.o
    0x08002e0c   0x08002e0c   0x00000074   Code   RO          108    .text.clock_reset   zf_common_clock.o
    0x08002e80   0x08002e80   0x00000560   Code   RO          110    .text.clock_set_freq  zf_common_clock.o
    0x080033e0   0x080033e0   0x0000006c   Code   RO          129    .text.debug_assert_handler  zf_common_debug.o
    0x0800344c   0x0800344c   0x00000040   Code   RO          135    .text.debug_delay   zf_common_debug.o
    0x0800348c   0x0800348c   0x00000032   Code   RO          143    .text.debug_init    zf_common_debug.o
    0x080034be   0x080034be   0x00000002   PAD
    0x080034c0   0x080034c0   0x00000042   Code   RO          137    .text.debug_log_handler  zf_common_debug.o
    0x08003502   0x08003502   0x00000002   PAD
    0x08003504   0x08003504   0x000003b0   Code   RO          133    .text.debug_output  zf_common_debug.o
    0x080038b4   0x080038b4   0x0000004c   Code   RO          141    .text.debug_output_init  zf_common_debug.o
    0x08003900   0x08003900   0x00000030   Code   RO          139    .text.debug_output_struct_init  zf_common_debug.o
    0x08003930   0x08003930   0x000000fa   Code   RO          131    .text.debug_protective_handler  zf_common_debug.o
    0x08003a2a   0x08003a2a   0x00000002   PAD
    0x08003a2c   0x08003a2c   0x00000012   Code   RO          145    .text.debug_uart_str_output  zf_common_debug.o
    0x08003a3e   0x08003a3e   0x00000002   PAD
    0x08003a40   0x08003a40   0x00000184   Code   RO          308    .text.dma_camera_init  zf_driver_dma.o
    0x08003bc4   0x08003bc4   0x0000007a   Code   RO          306    .text.dma_disable   zf_driver_dma.o
    0x08003c3e   0x08003c3e   0x00000002   PAD
    0x08003c40   0x08003c40   0x00000076   Code   RO          304    .text.dma_enable    zf_driver_dma.o
    0x08003cb6   0x08003cb6   0x00000002   PAD
    0x08003cb8   0x08003cb8   0x00000060   Code   RO          302    .text.dma_set_count  zf_driver_dma.o
    0x08003d18   0x08003d18   0x00000106   Code   RO          338    .text.exti_init     zf_driver_exti.o
    0x08003e1e   0x08003e1e   0x00000002   PAD
    0x08003e20   0x08003e20   0x00000092   Code   RO          160    .text.fifo_clear    zf_common_fifo.o
    0x08003eb2   0x08003eb2   0x00000002   PAD
    0x08003eb4   0x08003eb4   0x0000002e   Code   RO          172    .text.fifo_end_offset  zf_common_fifo.o
    0x08003ee2   0x08003ee2   0x00000002   PAD
    0x08003ee4   0x08003ee4   0x0000002e   Code   RO          166    .text.fifo_head_offset  zf_common_fifo.o
    0x08003f12   0x08003f12   0x00000002   PAD
    0x08003f14   0x08003f14   0x00000054   Code   RO          178    .text.fifo_init     zf_common_fifo.o
    0x08003f68   0x08003f68   0x000001c2   Code   RO          174    .text.fifo_read_buffer  zf_common_fifo.o
    0x0800412a   0x0800412a   0x00000002   PAD
    0x0800412c   0x0800412c   0x00000010   Code   RO          162    .text.fifo_used     zf_common_fifo.o
    0x0800413c   0x0800413c   0x000001e4   Code   RO          168    .text.fifo_write_buffer  zf_common_fifo.o
    0x08004320   0x08004320   0x000000a8   Code   RO          164    .text.fifo_write_element  zf_common_fifo.o
    0x080043c8   0x080043c8   0x00000042   Code   RO          197    .text.func_get_greatest_common_divisor  zf_common_function.o
    0x0800440a   0x0800440a   0x00000002   PAD
    0x0800440c   0x0800440c   0x0000002e   Code   RO          385    .text.gpio_get_level  zf_driver_gpio.o
    0x0800443a   0x0800443a   0x00000002   PAD
    0x0800443c   0x0800443c   0x00000188   Code   RO          391    .text.gpio_init     zf_driver_gpio.o
    0x080045c4   0x080045c4   0x0000005e   Code   RO          383    .text.gpio_set_level  zf_driver_gpio.o
    0x08004622   0x08004622   0x00000002   PAD
    0x08004624   0x08004624   0x00000136   Code   RO          773    .text.gps_uart_callback  zf_device_gps_tau1201.o
    0x0800475a   0x0800475a   0x00000002   PAD
    0x0800475c   0x0800475c   0x00000014   Code   RO          243    .text.interrupt_disable  zf_common_interrupt.o
    0x08004770   0x08004770   0x00000014   Code   RO          239    .text.interrupt_enable  zf_common_interrupt.o
    0x08004784   0x08004784   0x00000024   Code   RO          237    .text.interrupt_global_disable  zf_common_interrupt.o
    0x080047a8   0x080047a8   0x0000000a   Code   RO          251    .text.interrupt_init  zf_common_interrupt.o
    0x080047b2   0x080047b2   0x00000002   PAD
    0x080047b4   0x080047b4   0x0000001c   Code   RO          247    .text.interrupt_set_priority  zf_common_interrupt.o
    0x080047d0   0x080047d0   0x000000d4   Code   RO         1008    .text.ips200_clear  zf_device_ips200.o
    0x080048a4   0x080048a4   0x0000008a   Code   RO         1048    .text.ips200_debug_init  zf_device_ips200.o
    0x0800492e   0x0800492e   0x00000002   PAD
    0x08004930   0x08004930   0x00000440   Code   RO         1046    .text.ips200_init   zf_device_ips200.o
    0x08004d70   0x08004d70   0x0000002a   Code   RO         1020    .text.ips200_set_color  zf_device_ips200.o
    0x08004d9a   0x08004d9a   0x00000002   PAD
    0x08004d9c   0x08004d9c   0x0000005a   Code   RO         1016    .text.ips200_set_dir  zf_device_ips200.o
    0x08004df6   0x08004df6   0x00000002   PAD
    0x08004df8   0x08004df8   0x000000c4   Code   RO         1010    .text.ips200_set_region  zf_device_ips200.o
    0x08004ebc   0x08004ebc   0x000002a4   Code   RO         1026    .text.ips200_show_char  zf_device_ips200.o
    0x08005160   0x08005160   0x000000e6   Code   RO         1028    .text.ips200_show_string  zf_device_ips200.o
    0x08005246   0x08005246   0x00000002   PAD
    0x08005248   0x08005248   0x0000008a   Code   RO         1012    .text.ips200_write_16bit_data  zf_device_ips200.o
    0x080052d2   0x080052d2   0x00000002   PAD
    0x080052d4   0x080052d4   0x00000070   Code   RO         1052    .text.ips200_write_8bit_data  zf_device_ips200.o
    0x08005344   0x08005344   0x000000a4   Code   RO         1050    .text.ips200_write_command  zf_device_ips200.o
    0x080053e8   0x080053e8   0x0000009c   Code   RO           87    .text.main          main.o
    0x08005484   0x08005484   0x00000016   Code   RO         1210    .text.mt9v03x_dma_handler  zf_device_mt9v03x.o
    0x0800549a   0x0800549a   0x00000002   PAD
    0x0800549c   0x0800549c   0x0000011e   Code   RO         1206    .text.mt9v03x_get_config  zf_device_mt9v03x.o
    0x080055ba   0x080055ba   0x00000002   PAD
    0x080055bc   0x080055bc   0x0000009c   Code   RO         1194    .text.mt9v03x_get_version  zf_device_mt9v03x.o
    0x08005658   0x08005658   0x00000186   Code   RO         1200    .text.mt9v03x_init  zf_device_mt9v03x.o
    0x080057de   0x080057de   0x00000002   PAD
    0x080057e0   0x080057e0   0x0000003c   Code   RO         2489    .text.mt9v03x_read_word_sccb  zf_device_config.lib(zf_device_config.o)
    0x0800581c   0x0800581c   0x000000f4   Code   RO         1204    .text.mt9v03x_set_config  zf_device_mt9v03x.o
    0x08005910   0x08005910   0x0000098a   Code   RO         2485    .text.mt9v03x_set_config_sccb  zf_device_config.lib(zf_device_config.o)
    0x0800629a   0x0800629a   0x00000002   PAD
    0x0800629c   0x0800629c   0x00000040   Code   RO         1202    .text.mt9v03x_uart_handler  zf_device_mt9v03x.o
    0x080062dc   0x080062dc   0x00000036   Code   RO         1208    .text.mt9v03x_vsync_handler  zf_device_mt9v03x.o
    0x08006312   0x08006312   0x00000002   PAD
    0x08006314   0x08006314   0x00000032   Code   RO         2487    .text.mt9v03x_write_word_sccb  zf_device_config.lib(zf_device_config.o)
    0x08006346   0x08006346   0x00000002   PAD
    0x08006348   0x08006348   0x00000158   Code   RO           97    .text.sent_data     debug.o
    0x080064a0   0x080064a0   0x0000008a   Code   RO         1412    .text.set_camera_type  zf_device_type.o
    0x0800652a   0x0800652a   0x00000002   PAD
    0x0800652c   0x0800652c   0x0000003e   Code   RO         1414    .text.set_wireless_type  zf_device_type.o
    0x0800656a   0x0800656a   0x00000002   PAD
    0x0800656c   0x0800656c   0x0000007a   Code   RO          533    .text.soft_iic_init  zf_driver_soft_iic.o
    0x080065e6   0x080065e6   0x00000002   PAD
    0x080065e8   0x080065e8   0x0000014e   Code   RO          509    .text.soft_iic_read_data  zf_driver_soft_iic.o
    0x08006736   0x08006736   0x00000002   PAD
    0x08006738   0x08006738   0x00000060   Code   RO          531    .text.soft_iic_sccb_read_register  zf_driver_soft_iic.o
    0x08006798   0x08006798   0x0000003e   Code   RO          529    .text.soft_iic_sccb_write_register  zf_driver_soft_iic.o
    0x080067d6   0x080067d6   0x00000002   PAD
    0x080067d8   0x080067d8   0x00000102   Code   RO          537    .text.soft_iic_send_ack  zf_driver_soft_iic.o
    0x080068da   0x080068da   0x00000002   PAD
    0x080068dc   0x080068dc   0x000000fa   Code   RO          489    .text.soft_iic_send_data  zf_driver_soft_iic.o
    0x080069d6   0x080069d6   0x00000002   PAD
    0x080069d8   0x080069d8   0x000000ae   Code   RO          487    .text.soft_iic_start  zf_driver_soft_iic.o
    0x08006a86   0x08006a86   0x00000002   PAD
    0x08006a88   0x08006a88   0x000000c2   Code   RO          491    .text.soft_iic_stop  zf_driver_soft_iic.o
    0x08006b4a   0x08006b4a   0x00000002   PAD
    0x08006b4c   0x08006b4c   0x000000e2   Code   RO          535    .text.soft_iic_wait_ack  zf_driver_soft_iic.o
    0x08006c2e   0x08006c2e   0x00000002   PAD
    0x08006c30   0x08006c30   0x000002a8   Code   RO          633    .text.spi_init      zf_driver_spi.o
    0x08006ed8   0x08006ed8   0x000000b8   Code   RO          601    .text.spi_write_16bit  zf_driver_spi.o
    0x08006f90   0x08006f90   0x00000086   Code   RO          597    .text.spi_write_8bit  zf_driver_spi.o
    0x08007016   0x08007016   0x00000002   PAD
    0x08007018   0x08007018   0x000000ce   Code   RO          290    .text.system_delay_ms  zf_driver_delay.o
    0x080070e6   0x080070e6   0x00000002   PAD
    0x080070e8   0x080070e8   0x000000a4   Code   RO          654    .text.timer_clear   zf_driver_timer.o
    0x0800718c   0x0800718c   0x00000078   Code   RO          646    .text.timer_clock_enable  zf_driver_timer.o
    0x08007204   0x08007204   0x000001de   Code   RO          658    .text.timer_etr_init  zf_driver_timer.o
    0x080073e2   0x080073e2   0x00000002   PAD
    0x080073e4   0x080073e4   0x00000068   Code   RO          644    .text.timer_funciton_check  zf_driver_timer.o
    0x0800744c   0x0800744c   0x00000092   Code   RO          648    .text.timer_start   zf_driver_timer.o
    0x080074de   0x080074de   0x00000002   PAD
    0x080074e0   0x080074e0   0x000000a2   Code   RO          650    .text.timer_stop    zf_driver_timer.o
    0x08007582   0x08007582   0x00000002   PAD
    0x08007584   0x08007584   0x00000002   Code   RO         1410    .text.type_default_callback  zf_device_type.o
    0x08007586   0x08007586   0x00000002   PAD
    0x08007588   0x08007588   0x000000f4   Code   RO          684    .text.uart_init     zf_driver_uart.o
    0x0800767c   0x0800767c   0x00000056   Code   RO          678    .text.uart_query_byte  zf_driver_uart.o
    0x080076d2   0x080076d2   0x00000002   PAD
    0x080076d4   0x080076d4   0x0000008e   Code   RO          682    .text.uart_rx_interrupt  zf_driver_uart.o
    0x08007762   0x08007762   0x00000002   PAD
    0x08007764   0x08007764   0x0000005a   Code   RO          672    .text.uart_write_buffer  zf_driver_uart.o
    0x080077be   0x080077be   0x00000002   PAD
    0x080077c0   0x080077c0   0x00000046   Code   RO          670    .text.uart_write_byte  zf_driver_uart.o
    0x08007806   0x08007806   0x00000002   PAD
    0x08007808   0x08007808   0x0000002a   Code   RO          674    .text.uart_write_string  zf_driver_uart.o
    0x08007832   0x08007832   0x00000002   PAD
    0x08007834   0x08007834   0x00000028   Code   RO         1525    .text.wireless_uart_callback  zf_device_wireless_uart.o
    0x0800785c   0x0800785c   0x00000064   Code   RO         1527    .text.wireless_uart_init  zf_device_wireless_uart.o
    0x080078c0   0x080078c0   0x00000050   Code   RO         1515    .text.wireless_uart_send_byte  zf_device_wireless_uart.o
    0x08007910   0x08007910   0x00000028   Code   RO         2610    i.__0sprintf        mc_w.l(printfa.o)
    0x08007938   0x08007938   0x0000000e   Code   RO         2843    i.__scatterload_copy  mc_w.l(handlers.o)
    0x08007946   0x08007946   0x00000002   Code   RO         2844    i.__scatterload_null  mc_w.l(handlers.o)
    0x08007948   0x08007948   0x0000000e   Code   RO         2845    i.__scatterload_zeroinit  mc_w.l(handlers.o)
    0x08007956   0x08007956   0x00000002   PAD
    0x08007958   0x08007958   0x00000184   Code   RO         2615    i._fp_digits        mc_w.l(printfa.o)
    0x08007adc   0x08007adc   0x000006dc   Code   RO         2616    i._printf_core      mc_w.l(printfa.o)
    0x080081b8   0x080081b8   0x00000024   Code   RO         2617    i._printf_post_padding  mc_w.l(printfa.o)
    0x080081dc   0x080081dc   0x0000002e   Code   RO         2618    i._printf_pre_padding  mc_w.l(printfa.o)
    0x0800820a   0x0800820a   0x0000000a   Code   RO         2620    i._sputc            mc_w.l(printfa.o)
    0x08008214   0x08008214   0x0000013c   Data   RO          152    .rodata..L__const.debug_protective_handler.pin_list  zf_common_debug.o
    0x08008350   0x08008350   0x00000228   Data   RO          188    .rodata.ascii_font_6x8  zf_common_font.o
    0x08008578   0x08008578   0x000005f0   Data   RO          187    .rodata.ascii_font_8x16  zf_common_font.o
    0x08008b68   0x08008b68   0x0000002c   Data   RO           89    .rodata.str1.1      main.o
    0x08008b94   0x08008b94   0x00000066   Data   RO          149    .rodata.str1.1      zf_common_debug.o
    0x08008bfa   0x08008bfa   0x0000002c   Data   RO          294    .rodata.str1.1      zf_driver_delay.o
    0x08008c26   0x08008c26   0x0000002b   Data   RO          396    .rodata.str1.1      zf_driver_gpio.o
    0x08008c51   0x08008c51   0x0000002f   Data   RO          539    .rodata.str1.1      zf_driver_soft_iic.o
    0x08008c80   0x08008c80   0x0000002a   Data   RO          636    .rodata.str1.1      zf_driver_spi.o
    0x08008caa   0x08008caa   0x0000002c   Data   RO          662    .rodata.str1.1      zf_driver_timer.o
    0x08008cd6   0x08008cd6   0x00000008   Data   RO          795    .rodata.str1.1      zf_device_gps_tau1201.o
    0x08008cde   0x08008cde   0x0000002d   Data   RO         1061    .rodata.str1.1      zf_device_ips200.o
    0x08008d0b   0x08008d0b   0x00000062   Data   RO         1216    .rodata.str1.1      zf_device_mt9v03x.o
    0x08008d6d   0x08008d6d   0x00000003   PAD
    0x08008d70   0x08008d70   0x00000020   Data   RO         2842    Region$$Table       anon$$obj.o


    Execution Region RW_RAM (Exec base: 0x30000000, Load base: 0x08008d90, Size: 0x000018f4, Max: 0x0001a000, ABSOLUTE)

    Exec Addr    Load Addr    Size         Type   Attr      Idx    E Section Name        Object

    0x30000000   0x08008d90   0x00000004   Data   RW          113    .data.bus_clock     zf_common_clock.o
    0x30000004   0x08008d94   0x00000004   Data   RW         1419    .data.camera_dma_handler  zf_device_type.o
    0x30000008   0x08008d98   0x00000004   Data   RW         1417    .data.camera_uart_handler  zf_device_type.o
    0x3000000c   0x08008d9c   0x00000004   Data   RW         1418    .data.camera_vsync_handler  zf_device_type.o
    0x30000010   0x08008da0   0x00000024   Data   RW          395    .data.gpio_group    zf_driver_gpio.o
    0x30000034   0x08008dc4   0x00000002   Data   RW         1057    .data.ips200_bgcolor  zf_device_ips200.o
    0x30000036   0x08008dc6   0x00000001   Data   RW         1059    .data.ips200_display_font  zf_device_ips200.o
    0x30000037   0x08008dc7   0x00000001   PAD
    0x30000038   0x08008dc8   0x00000002   Data   RW         1060    .data.ips200_pencolor  zf_device_ips200.o
    0x3000003a   0x08008dca   0x00000002   Data   RW         1055    .data.ips200_x_max  zf_device_ips200.o
    0x3000003c   0x08008dcc   0x00000002   Data   RW         1056    .data.ips200_y_max  zf_device_ips200.o
    0x3000003e   0x08008dce   0x00000002   Data   RW         1063    .data.ips_bl_pin    zf_device_ips200.o
    0x30000040   0x08008dd0   0x00000002   Data   RW         1062    .data.ips_rst_pin   zf_device_ips200.o
    0x30000042   0x08008dd2   0x00000024   Data   RW         1217    .data.mt9v03x_get_confing_buffer  zf_device_mt9v03x.o
    0x30000066   0x08008df6   0x00000028   Data   RW         1214    .data.mt9v03x_set_confing_buffer  zf_device_mt9v03x.o
    0x3000008e   0x08008e1e   0x00000001   Data   RW         1213    .data.mt9v03x_type  zf_device_mt9v03x.o
    0x3000008f   0x08008e1f   0x00000001   PAD
    0x30000090   0x08008e20   0x0000000c   Data   RW          635    .data.spi_index     zf_driver_spi.o
    0x3000009c   0x08008e2c   0x00000004   Data   RW          112    .data.system_clock  zf_common_clock.o
    0x300000a0   0x08008e30   0x0000001c   Data   RW          686    .data.uart_index    zf_driver_uart.o
    0x300000bc   0x08008e4c   0x00000007   Data   RW          688    .data.uart_irq      zf_driver_uart.o
    0x300000c3   0x08008e53   0x00000001   PAD
    0x300000c4   0x08008e54   0x00000004   Data   RW         1421    .data.wireless_module_uart_handler  zf_device_type.o
    0x300000c8   0x08008e58   0x00000001   Data   RW          147    .data.zf_debug_assert_enable  zf_common_debug.o
    0x300000c9   0x08008e59   0x00000003   PAD
    0x300000cc        -       0x0000001e   Zero   RW           99    .bss.BUFF           debug.o
    0x300000ea        -       0x00000008   Zero   RW          755    .bss.camera_receiver_buffer  zf_device_camera.o
    0x300000f2   0x08008e59   0x00000002   PAD
    0x300000f4        -       0x00000018   Zero   RW          754    .bss.camera_receiver_fifo  zf_device_camera.o
    0x3000010c        -       0x00000001   Zero   RW         1416    .bss.camera_type    zf_device_type.o
    0x3000010d        -       0x00000001   Zero   RW          148    .bss.debug_assert_handler.assert_nest_index  zf_common_debug.o
    0x3000010e   0x08008e59   0x00000002   PAD
    0x30000110        -       0x00000014   Zero   RW          151    .bss.debug_output_info  zf_common_debug.o
    0x30000124        -       0x00000080   Zero   RW          792    .bss.gps_gga_buffer  zf_device_gps_tau1201.o
    0x300001a4        -       0x00000001   Zero   RW          791    .bss.gps_gga_state  zf_device_gps_tau1201.o
    0x300001a5        -       0x00000080   Zero   RW          789    .bss.gps_rmc_buffer  zf_device_gps_tau1201.o
    0x30000225        -       0x00000001   Zero   RW          788    .bss.gps_rmc_state  zf_device_gps_tau1201.o
    0x30000226        -       0x00000001   Zero   RW          796    .bss.gps_tau1201_flag  zf_device_gps_tau1201.o
    0x30000227   0x08008e59   0x00000001   PAD
    0x30000228        -       0x00000018   Zero   RW          794    .bss.gps_tau1201_receiver_fifo  zf_device_gps_tau1201.o
    0x30000240        -       0x00000001   Zero   RW          793    .bss.gps_tau1201_state  zf_device_gps_tau1201.o
    0x30000241   0x08008e59   0x00000003   PAD
    0x30000244        -       0x00000004   Zero   RW         2498    .bss.h_blank        zf_device_config.lib(zf_device_config.o)
    0x30000248        -       0x00000014   Zero   RW         2500    .bss.image          zf_device_config.lib(zf_device_config.o)
    0x3000025c        -       0x00000004   Zero   RW          255    .bss.interrupt_nest_count  zf_common_interrupt.o
    0x30000260        -       0x00000001   Zero   RW         1058    .bss.ips200_display_dir  zf_device_ips200.o
    0x30000261        -       0x00000001   Zero   RW         1054    .bss.ips200_display_type  zf_device_ips200.o
    0x30000262        -       0x00000001   Zero   RW         1212    .bss.mt9v03x_finish_flag  zf_device_mt9v03x.o
    0x30000263   0x08008e59   0x00000001   PAD
    0x30000264        -       0x00000010   Zero   RW         2499    .bss.mt9v03x_iic_inf_struct  zf_device_config.lib(zf_device_config.o)
    0x30000274        -       0x00001608   Zero   RW         1218    .bss.mt9v03x_image  zf_device_mt9v03x.o
    0x3000187c        -       0x00000002   Zero   RW         1215    .bss.mt9v03x_version  zf_device_mt9v03x.o
    0x3000187e        -       0x00000008   Zero   RW          660    .bss.timer_function_state  zf_driver_timer.o
    0x30001886        -       0x00000008   Zero   RW          687    .bss.uart_interrupt_state  zf_driver_uart.o
    0x3000188e   0x08008e59   0x00000002   PAD
    0x30001890        -       0x00000004   Zero   RW         2497    .bss.v_blank        zf_device_config.lib(zf_device_config.o)
    0x30001894        -       0x00000001   Zero   RW         1420    .bss.wireless_type  zf_device_type.o
    0x30001895        -       0x00000040   Zero   RW         1531    .bss.wireless_uart_buffer  zf_device_wireless_uart.o
    0x300018d5        -       0x00000001   Zero   RW         1530    .bss.wireless_uart_data  zf_device_wireless_uart.o
    0x300018d6   0x08008e59   0x00000002   PAD
    0x300018d8        -       0x00000018   Zero   RW         1529    .bss.wireless_uart_fifo  zf_device_wireless_uart.o
    0x300018f0        -       0x00000001   Zero   RW          150    .bss.zf_debug_init_flag  zf_common_debug.o


    Execution Region ARM_LIB_HEAP (Exec base: 0x300018f8, Load base: 0x08008e5c, Size: 0x00001000, Max: 0x00001000, ABSOLUTE)

    Exec Addr    Load Addr    Size         Type   Attr      Idx    E Section Name        Object

    0x300018f8        -       0x00001000   Zero   RW            1    ARM_LIB_HEAP.bss    anon$$obj.o


    Execution Region ARM_LIB_STACK (Exec base: 0x3001b000, Load base: 0x08008e5c, Size: 0x00001000, Max: 0x00001000, ABSOLUTE)

    Exec Addr    Load Addr    Size         Type   Attr      Idx    E Section Name        Object

    0x3001b000        -       0x00001000   Zero   RW            2    ARM_LIB_STACK.bss   anon$$obj.o


==============================================================================

Image component sizes


      Code (inc. data)   RO Data    RW Data    ZI Data      Debug   Object Name

       344          0          0          0         30       1085   debug.o
       506          0          0          0          0       3206   hal_dma.o
       236          4          0          0          0       1959   hal_exti.o
       468          0          0          0          0       3899   hal_gpio.o
        62          0          0          0          0       3574   hal_lptim.o
       206          0          0          0          0       5806   hal_rcc.o
       356          0          0          0          0       6046   hal_spi.o
       210          0          0          0          0       4600   hal_syscfg.o
       508          6          0          0          0      13771   hal_tim.o
       392          0          0          0          0       3662   hal_uart.o
      3908          0          0          0          0       9341   isr.o
       156          0         44          0          0       1033   main.o
        36          8       2364          0          0        496   startup_mm32f5277e.o
       124          0          0          0          0       2006   system_mm32f5277e.o
      1516          0          0          8          0       3375   zf_common_clock.o
      1624          0        418          1         22       9282   zf_common_debug.o
      1440          0          0          0          0       5260   zf_common_fifo.o
         0          0       2072          0          0        770   zf_common_font.o
        66          0          0          0          0       7536   zf_common_function.o
       344          0          0          0          4       5355   zf_common_interrupt.o
       246          0          0          0         32       5653   zf_device_camera.o
       310          0          8          0        284       8192   zf_device_gps_tau1201.o
      3086          0         45         13          2      12974   zf_device_ips200.o
      1216          0         98         77       5643       7444   zf_device_mt9v03x.o
       202          0          0         16          2       1556   zf_device_type.o
       220          0          0          0         89       5096   zf_device_wireless_uart.o
       206          0         44          0          0       2060   zf_driver_delay.o
       724         24          0          0          0       5037   zf_driver_dma.o
       262          0          0          0          0       5048   zf_driver_exti.o
       858         20         43         36          0       5154   zf_driver_gpio.o
      1716          0         47          0          0       8872   zf_driver_soft_iic.o
       998          4         42         12          0      10194   zf_driver_spi.o
      1174         40         44          0          8       9748   zf_driver_timer.o
       674          8          0         35          8       8056   zf_driver_uart.o

    ----------------------------------------------------------------------
     24592        114       5304        204      14332     187146   Object Totals
         0          0         32          0       8192          0   (incl. Generated)
       198          0          3          6         16          0   (incl. Padding)

    ----------------------------------------------------------------------

      Code (inc. data)   RO Data    RW Data    ZI Data      Debug   Library Member Name

         0          0          0          0          0          0   entry.o
         0          0          0          0          0          0   entry10a.o
         0          0          0          0          0          0   entry11a.o
         8          4          0          0          0          0   entry4.o
         4          0          0          0          0          0   entry5.o
         0          0          0          0          0          0   entry7b.o
         0          0          0          0          0          0   entry8b.o
         8          4          0          0          0          0   entry9a.o
        30          0          0          0          0          0   handlers.o
        36          8          0          0          0         68   init.o
         0          0          0          0          0          0   iusefp.o
        30          0          0          0          0         68   llshl.o
        36          0          0          0          0         68   llsshr.o
        32          0          0          0          0         68   llushr.o
        36          0          0          0          0         68   memcpya.o
        36          0          0          0          0        108   memseta.o
      2276         86          0          0          0        520   printfa.o
        14          0          0          0          0         68   strlen.o
        30          0          0          0          0         80   strncmp.o
        44          0          0          0          0         80   uidiv.o
        98          0          0          0          0         92   uldiv.o
        48          0          0          0          0         68   cdrcmple.o
       334          0          0          0          0        148   dadd.o
       222          0          0          0          0        100   ddiv.o
       186          0          0          0          0        176   depilogue.o
        48          0          0          0          0         68   dfixul.o
       228          0          0          0          0         96   dmul.o
      2552          0          0          0         44       3788   zf_device_config.o

    ----------------------------------------------------------------------
      6344        102          0          0         44       5732   Library Totals
         8          0          0          0          0          0   (incl. Padding)

    ----------------------------------------------------------------------

      Code (inc. data)   RO Data    RW Data    ZI Data      Debug   Library Name

      2718        102          0          0          0       1288   mc_w.l
      1066          0          0          0          0        656   mf_w.l
      2552          0          0          0         44       3788   zf_device_config.lib

    ----------------------------------------------------------------------
      6344        102          0          0         44       5732   Library Totals

    ----------------------------------------------------------------------

==============================================================================


      Code (inc. data)   RO Data    RW Data    ZI Data      Debug   

     30936        216       5304        204      14376     191454   Grand Totals
     30936        216       5304        204      14376     191454   ELF Image Totals
     30936        216       5304        204          0          0   ROM Totals

==============================================================================

    Total RO  Size (Code + RO Data)                36240 (  35.39kB)
    Total RW  Size (RW Data + ZI Data)             14580 (  14.24kB)
    Total ROM Size (Code + RO Data + RW Data)      36444 (  35.59kB)

==============================================================================

